Component: ARM Compiler 5.05 update 1 (build 106) Tool: armlink [4d0efa]

==============================================================================

Section Cross References

    main.o(i.main) refers to bsp_init.o(i.All_Init) for All_Init
    bsp_init.o(i.All_Init) refers to misc.o(i.NVIC_PriorityGroupConfig) for NVIC_PriorityGroupConfig
    bsp_init.o(i.All_Init) refers to drv_timer.o(i.SysTick_Configuration) for SysTick_Configuration
    drv_timer.o(i.Delay_ms) refers to drv_timer.o(i.Delay_us) for Delay_us
    drv_timer.o(i.Delay_us) refers to drv_timer.o(i.GetSysTime_us) for GetSysTime_us
    drv_timer.o(i.GetSysTime_us) refers to drv_timer.o(.data) for sysTickUpTime
    drv_timer.o(i.Get_Delta_T) refers to drv_timer.o(i.GetSysTime_us) for GetSysTime_us
    drv_timer.o(i.SysTick_Configuration) refers to stm32f4xx_rcc.o(i.RCC_GetClocksFreq) for RCC_GetClocksFreq
    drv_timer.o(i.SysTick_Configuration) refers to misc.o(i.SysTick_CLKSourceConfig) for SysTick_CLKSourceConfig
    drv_timer.o(i.SysTick_GetTick) refers to drv_timer.o(.data) for systime_ms
    drv_timer.o(i.SysTick_Handler) refers to drv_timer.o(i.sys_time) for sys_time
    drv_timer.o(i.SysTick_Handler) refers to drv_led.o(i.LED_1ms_DRV) for LED_1ms_DRV
    drv_timer.o(i.SysTick_Handler) refers to drv_timer.o(.data) for sysTickUpTime
    drv_timer.o(i.TIM2_CONF) refers to stm32f4xx_rcc.o(i.RCC_APB1PeriphClockCmd) for RCC_APB1PeriphClockCmd
    drv_timer.o(i.TIM2_CONF) refers to stm32f4xx_tim.o(i.TIM_DeInit) for TIM_DeInit
    drv_timer.o(i.TIM2_CONF) refers to stm32f4xx_tim.o(i.TIM_TimeBaseInit) for TIM_TimeBaseInit
    drv_timer.o(i.TIM2_CONF) refers to stm32f4xx_tim.o(i.TIM_ClearFlag) for TIM_ClearFlag
    drv_timer.o(i.TIM2_CONF) refers to stm32f4xx_tim.o(i.TIM_ITConfig) for TIM_ITConfig
    drv_timer.o(i.TIM2_CONF) refers to stm32f4xx_tim.o(i.TIM_Cmd) for TIM_Cmd
    drv_timer.o(i.TIM2_NVIC) refers to misc.o(i.NVIC_Init) for NVIC_Init
    drv_timer.o(i.Timer2_Init) refers to drv_timer.o(i.TIM2_CONF) for TIM2_CONF
    drv_timer.o(i.Timer2_Init) refers to drv_timer.o(i.TIM2_NVIC) for TIM2_NVIC
    drv_timer.o(i.Timer2_Init) refers to stm32f4xx_rcc.o(i.RCC_APB1PeriphClockCmd) for RCC_APB1PeriphClockCmd
    drv_timer.o(i.sys_time) refers to drv_timer.o(.data) for systime_ms
    drv_led.o(i.LED_1ms_DRV) refers to drv_led.o(.data) for led_cnt
    startup_stm32f4xx.o(STACK) refers (Special) to heapauxi.o(.text) for __use_two_region_memory
    startup_stm32f4xx.o(HEAP) refers (Special) to heapauxi.o(.text) for __use_two_region_memory
    startup_stm32f4xx.o(RESET) refers (Special) to heapauxi.o(.text) for __use_two_region_memory
    startup_stm32f4xx.o(RESET) refers to startup_stm32f4xx.o(STACK) for __initial_sp
    startup_stm32f4xx.o(RESET) refers to startup_stm32f4xx.o(.text) for Reset_Handler
    startup_stm32f4xx.o(RESET) refers to drv_timer.o(i.SysTick_Handler) for SysTick_Handler
    startup_stm32f4xx.o(.text) refers (Special) to heapauxi.o(.text) for __use_two_region_memory
    startup_stm32f4xx.o(.text) refers to system_stm32f4xx.o(i.SystemInit) for SystemInit
    startup_stm32f4xx.o(.text) refers to __main.o(!!!main) for __main
    startup_stm32f4xx.o(.text) refers to startup_stm32f4xx.o(HEAP) for Heap_Mem
    startup_stm32f4xx.o(.text) refers to startup_stm32f4xx.o(STACK) for Stack_Mem
    system_stm32f4xx.o(i.SystemCoreClockUpdate) refers to system_stm32f4xx.o(.data) for SystemCoreClock
    system_stm32f4xx.o(i.SystemInit) refers to system_stm32f4xx.o(i.SetSysClock) for SetSysClock
    misc.o(i.NVIC_Init) refers to main.o(i.assert_failed) for assert_failed
    misc.o(i.NVIC_PriorityGroupConfig) refers to main.o(i.assert_failed) for assert_failed
    misc.o(i.NVIC_SetVectorTable) refers to main.o(i.assert_failed) for assert_failed
    misc.o(i.NVIC_SystemLPConfig) refers to main.o(i.assert_failed) for assert_failed
    misc.o(i.SysTick_CLKSourceConfig) refers to main.o(i.assert_failed) for assert_failed
    stm32f4xx_adc.o(i.ADC_AnalogWatchdogCmd) refers to main.o(i.assert_failed) for assert_failed
    stm32f4xx_adc.o(i.ADC_AnalogWatchdogSingleChannelConfig) refers to main.o(i.assert_failed) for assert_failed
    stm32f4xx_adc.o(i.ADC_AnalogWatchdogThresholdsConfig) refers to main.o(i.assert_failed) for assert_failed
    stm32f4xx_adc.o(i.ADC_AutoInjectedConvCmd) refers to main.o(i.assert_failed) for assert_failed
    stm32f4xx_adc.o(i.ADC_ClearFlag) refers to main.o(i.assert_failed) for assert_failed
    stm32f4xx_adc.o(i.ADC_ClearITPendingBit) refers to main.o(i.assert_failed) for assert_failed
    stm32f4xx_adc.o(i.ADC_Cmd) refers to main.o(i.assert_failed) for assert_failed
    stm32f4xx_adc.o(i.ADC_CommonInit) refers to main.o(i.assert_failed) for assert_failed
    stm32f4xx_adc.o(i.ADC_ContinuousModeCmd) refers to main.o(i.assert_failed) for assert_failed
    stm32f4xx_adc.o(i.ADC_DMACmd) refers to main.o(i.assert_failed) for assert_failed
[...]
    stm32f4xx_tim.o(i.TIM_OC4Init) refers to main.o(i.assert_failed) for assert_failed
    stm32f4xx_tim.o(i.TIM_OC4PolarityConfig) refers to main.o(i.assert_failed) for assert_failed
    stm32f4xx_tim.o(i.TIM_OC4PreloadConfig) refers to main.o(i.assert_failed) for assert_failed
    stm32f4xx_tim.o(i.TIM_PWMIConfig) refers to main.o(i.assert_failed) for assert_failed
    stm32f4xx_tim.o(i.TIM_PWMIConfig) refers to stm32f4xx_tim.o(i.TI1_Config) for TI1_Config
    stm32f4xx_tim.o(i.TIM_PWMIConfig) refers to stm32f4xx_tim.o(i.TIM_SetIC1Prescaler) for TIM_SetIC1Prescaler
    stm32f4xx_tim.o(i.TIM_PWMIConfig) refers to stm32f4xx_tim.o(i.TI2_Config) for TI2_Config
    stm32f4xx_tim.o(i.TIM_PWMIConfig) refers to stm32f4xx_tim.o(i.TIM_SetIC2Prescaler) for TIM_SetIC2Prescaler
    stm32f4xx_tim.o(i.TIM_PrescalerConfig) refers to main.o(i.assert_failed) for assert_failed
    stm32f4xx_tim.o(i.TIM_RemapConfig) refers to main.o(i.assert_failed) for assert_failed
    stm32f4xx_tim.o(i.TIM_SelectCCDMA) refers to main.o(i.assert_failed) for assert_failed
    stm32f4xx_tim.o(i.TIM_SelectCOM) refers to main.o(i.assert_failed) for assert_failed
    stm32f4xx_tim.o(i.TIM_SelectHallSensor) refers to main.o(i.assert_failed) for assert_failed
    stm32f4xx_tim.o(i.TIM_SelectInputTrigger) refers to main.o(i.assert_failed) for assert_failed
    stm32f4xx_tim.o(i.TIM_SelectMasterSlaveMode) refers to main.o(i.assert_failed) for assert_failed
    stm32f4xx_tim.o(i.TIM_SelectOCxM) refers to main.o(i.assert_failed) for assert_failed
    stm32f4xx_tim.o(i.TIM_SelectOnePulseMode) refers to main.o(i.assert_failed) for assert_failed
    stm32f4xx_tim.o(i.TIM_SelectOutputTrigger) refers to main.o(i.assert_failed) for assert_failed
    stm32f4xx_tim.o(i.TIM_SelectSlaveMode) refers to main.o(i.assert_failed) for assert_failed
    stm32f4xx_tim.o(i.TIM_SetAutoreload) refers to main.o(i.assert_failed) for assert_failed
    stm32f4xx_tim.o(i.TIM_SetClockDivision) refers to main.o(i.assert_failed) for assert_failed
    stm32f4xx_tim.o(i.TIM_SetCompare1) refers to main.o(i.assert_failed) for assert_failed
    stm32f4xx_tim.o(i.TIM_SetCompare2) refers to main.o(i.assert_failed) for assert_failed
    stm32f4xx_tim.o(i.TIM_SetCompare3) refers to main.o(i.assert_failed) for assert_failed
    stm32f4xx_tim.o(i.TIM_SetCompare4) refers to main.o(i.assert_failed) for assert_failed
    stm32f4xx_tim.o(i.TIM_SetCounter) refers to main.o(i.assert_failed) for assert_failed
    stm32f4xx_tim.o(i.TIM_SetIC1Prescaler) refers to main.o(i.assert_failed) for assert_failed
    stm32f4xx_tim.o(i.TIM_SetIC2Prescaler) refers to main.o(i.assert_failed) for assert_failed
    stm32f4xx_tim.o(i.TIM_SetIC3Prescaler) refers to main.o(i.assert_failed) for assert_failed
    stm32f4xx_tim.o(i.TIM_SetIC4Prescaler) refers to main.o(i.assert_failed) for assert_failed
    stm32f4xx_tim.o(i.TIM_TIxExternalClockConfig) refers to main.o(i.assert_failed) for assert_failed
    stm32f4xx_tim.o(i.TIM_TIxExternalClockConfig) refers to stm32f4xx_tim.o(i.TI2_Config) for TI2_Config
    stm32f4xx_tim.o(i.TIM_TIxExternalClockConfig) refers to stm32f4xx_tim.o(i.TI1_Config) for TI1_Config
    stm32f4xx_tim.o(i.TIM_TIxExternalClockConfig) refers to stm32f4xx_tim.o(i.TIM_SelectInputTrigger) for TIM_SelectInputTrigger
    stm32f4xx_tim.o(i.TIM_TimeBaseInit) refers to main.o(i.assert_failed) for assert_failed
    stm32f4xx_tim.o(i.TIM_UpdateDisableConfig) refers to main.o(i.assert_failed) for assert_failed
    stm32f4xx_tim.o(i.TIM_UpdateRequestConfig) refers to main.o(i.assert_failed) for assert_failed
    stm32f4xx_usart.o(i.USART_ClearFlag) refers to main.o(i.assert_failed) for assert_failed
    stm32f4xx_usart.o(i.USART_ClearITPendingBit) refers to main.o(i.assert_failed) for assert_failed
    stm32f4xx_usart.o(i.USART_ClockInit) refers to main.o(i.assert_failed) for assert_failed
    stm32f4xx_usart.o(i.USART_Cmd) refers to main.o(i.assert_failed) for assert_failed
    stm32f4xx_usart.o(i.USART_DMACmd) refers to main.o(i.assert_failed) for assert_failed
    stm32f4xx_usart.o(i.USART_DeInit) refers to main.o(i.assert_failed) for assert_failed
    stm32f4xx_usart.o(i.USART_DeInit) refers to stm32f4xx_rcc.o(i.RCC_APB2PeriphResetCmd) for RCC_APB2PeriphResetCmd
    stm32f4xx_usart.o(i.USART_DeInit) refers to stm32f4xx_rcc.o(i.RCC_APB1PeriphResetCmd) for RCC_APB1PeriphResetCmd
    stm32f4xx_usart.o(i.USART_GetFlagStatus) refers to main.o(i.assert_failed) for assert_failed
    stm32f4xx_usart.o(i.USART_GetITStatus) refers to main.o(i.assert_failed) for assert_failed
    stm32f4xx_usart.o(i.USART_HalfDuplexCmd) refers to main.o(i.assert_failed) for assert_failed
    stm32f4xx_usart.o(i.USART_ITConfig) refers to main.o(i.assert_failed) for assert_failed
    stm32f4xx_usart.o(i.USART_Init) refers to main.o(i.assert_failed) for assert_failed
    stm32f4xx_usart.o(i.USART_Init) refers to stm32f4xx_rcc.o(i.RCC_GetClocksFreq) for RCC_GetClocksFreq
    stm32f4xx_usart.o(i.USART_IrDACmd) refers to main.o(i.assert_failed) for assert_failed
    stm32f4xx_usart.o(i.USART_IrDAConfig) refers to main.o(i.assert_failed) for assert_failed
    stm32f4xx_usart.o(i.USART_LINBreakDetectLengthConfig) refers to main.o(i.assert_failed) for assert_failed
    stm32f4xx_usart.o(i.USART_LINCmd) refers to main.o(i.assert_failed) for assert_failed
    stm32f4xx_usart.o(i.USART_OneBitMethodCmd) refers to main.o(i.assert_failed) for assert_failed
    stm32f4xx_usart.o(i.USART_OverSampling8Cmd) refers to main.o(i.assert_failed) for assert_failed
    stm32f4xx_usart.o(i.USART_ReceiveData) refers to main.o(i.assert_failed) for assert_failed
    stm32f4xx_usart.o(i.USART_ReceiverWakeUpCmd) refers to main.o(i.assert_failed) for assert_failed
    stm32f4xx_usart.o(i.USART_SendBreak) refers to main.o(i.assert_failed) for assert_failed
    stm32f4xx_usart.o(i.USART_SendData) refers to main.o(i.assert_failed) for assert_failed
    stm32f4xx_usart.o(i.USART_SetAddress) refers to main.o(i.assert_failed) for assert_failed
    stm32f4xx_usart.o(i.USART_SetGuardTime) refers to main.o(i.assert_failed) for assert_failed
    stm32f4xx_usart.o(i.USART_SetPrescaler) refers to main.o(i.assert_failed) for assert_failed
    stm32f4xx_usart.o(i.USART_SmartCardCmd) refers to main.o(i.assert_failed) for assert_failed
    stm32f4xx_usart.o(i.USART_SmartCardNACKCmd) refers to main.o(i.assert_failed) for assert_failed
    stm32f4xx_usart.o(i.USART_WakeUpConfig) refers to main.o(i.assert_failed) for assert_failed
    __main.o(!!!main) refers to __rtentry.o(.ARM.Collect$$rtentry$$00000000) for __rt_entry
    __rtentry.o(.ARM.Collect$$rtentry$$00000000) refers (Special) to __rtentry2.o(.ARM.Collect$$rtentry$$0000000A) for __rt_entry_li
    __rtentry.o(.ARM.Collect$$rtentry$$00000000) refers (Special) to __rtentry2.o(.ARM.Collect$$rtentry$$0000000D) for __rt_entry_main
    __rtentry.o(.ARM.Collect$$rtentry$$00000000) refers (Special) to __rtentry2.o(.ARM.Collect$$rtentry$$0000000C) for __rt_entry_postli_1
    __rtentry.o(.ARM.Collect$$rtentry$$00000000) refers (Special) to __rtentry2.o(.ARM.Collect$$rtentry$$00000009) for __rt_entry_postsh_1
    __rtentry.o(.ARM.Collect$$rtentry$$00000000) refers (Special) to __rtentry2.o(.ARM.Collect$$rtentry$$00000002) for __rt_entry_presh_1
    __rtentry.o(.ARM.Collect$$rtentry$$00000000) refers (Special) to __rtentry4.o(.ARM.Collect$$rtentry$$00000004) for __rt_entry_sh
    __rtentry2.o(.ARM.Collect$$rtentry$$00000008) refers to boardinit2.o(.text) for _platform_post_stackheap_init
    __rtentry2.o(.ARM.Collect$$rtentry$$0000000A) refers to libinit.o(.ARM.Collect$$libinit$$00000000) for __rt_lib_init
    __rtentry2.o(.ARM.Collect$$rtentry$$0000000B) refers to boardinit3.o(.text) for _platform_post_lib_init
    __rtentry2.o(.ARM.Collect$$rtentry$$0000000D) refers to main.o(i.main) for main
    __rtentry2.o(.ARM.Collect$$rtentry$$0000000D) refers to exit.o(.text) for exit
    __rtentry2.o(.ARM.exidx) refers to __rtentry2.o(.ARM.Collect$$rtentry$$00000001) for .ARM.Collect$$rtentry$$00000001
    __rtentry2.o(.ARM.exidx) refers to __rtentry2.o(.ARM.Collect$$rtentry$$00000008) for .ARM.Collect$$rtentry$$00000008
    __rtentry2.o(.ARM.exidx) refers to __rtentry2.o(.ARM.Collect$$rtentry$$0000000A) for .ARM.Collect$$rtentry$$0000000A
    __rtentry2.o(.ARM.exidx) refers to __rtentry2.o(.ARM.Collect$$rtentry$$0000000B) for .ARM.Collect$$rtentry$$0000000B
    __rtentry2.o(.ARM.exidx) refers to __rtentry2.o(.ARM.Collect$$rtentry$$0000000D) for .ARM.Collect$$rtentry$$0000000D
    __rtentry4.o(.ARM.Collect$$rtentry$$00000004) refers to sys_stackheap_outer.o(.text) for __user_setup_stackheap
    __rtentry4.o(.ARM.exidx) refers to __rtentry4.o(.ARM.Collect$$rtentry$$00000004) for .ARM.Collect$$rtentry$$00000004
    sys_stackheap_outer.o(.text) refers to libspace.o(.text) for __user_perproc_libspace
    sys_stackheap_outer.o(.text) refers to startup_stm32f4xx.o(.text) for __user_initial_stackheap
    exit.o(.text) refers to rtexit.o(.ARM.Collect$$rtexit$$00000000) for __rt_exit
    libinit.o(.ARM.Collect$$libinit$$00000000) refers (Special) to libinit2.o(.ARM.Collect$$libinit$$0000002E) for __rt_lib_init_alloca_1
    libinit.o(.ARM.Collect$$libinit$$00000000) refers (Special) to libinit2.o(.ARM.Collect$$libinit$$0000002C) for __rt_lib_init_argv_1
    libinit.o(.ARM.Collect$$libinit$$00000000) refers (Special) to libinit2.o(.ARM.Collect$$libinit$$0000001B) for __rt_lib_init_atexit_1
    libinit.o(.ARM.Collect$$libinit$$00000000) refers (Special) to libinit2.o(.ARM.Collect$$libinit$$00000021) for __rt_lib_init_clock_1
    libinit.o(.ARM.Collect$$libinit$$00000000) refers (Special) to libinit2.o(.ARM.Collect$$libinit$$00000032) for __rt_lib_init_cpp_1
    libinit.o(.ARM.Collect$$libinit$$00000000) refers (Special) to libinit2.o(.ARM.Collect$$libinit$$00000030) for __rt_lib_init_exceptions_1
    libinit.o(.ARM.Collect$$libinit$$00000000) refers (Special) to libinit2.o(.ARM.Collect$$libinit$$00000001) for __rt_lib_init_fp_1
    libinit.o(.ARM.Collect$$libinit$$00000000) refers (Special) to libinit2.o(.ARM.Collect$$libinit$$0000001F) for __rt_lib_init_fp_trap_1
    libinit.o(.ARM.Collect$$libinit$$00000000) refers (Special) to libinit2.o(.ARM.Collect$$libinit$$00000023) for __rt_lib_init_getenv_1
    libinit.o(.ARM.Collect$$libinit$$00000000) refers (Special) to libinit2.o(.ARM.Collect$$libinit$$0000000A) for __rt_lib_init_heap_1
    libinit.o(.ARM.Collect$$libinit$$00000000) refers (Special) to libinit2.o(.ARM.Collect$$libinit$$00000011) for __rt_lib_init_lc_collate_1
    libinit.o(.ARM.Collect$$libinit$$00000000) refers (Special) to libinit2.o(.ARM.Collect$$libinit$$00000013) for __rt_lib_init_lc_ctype_1
    libinit.o(.ARM.Collect$$libinit$$00000000) refers (Special) to libinit2.o(.ARM.Collect$$libinit$$00000015) for __rt_lib_init_lc_monetary_1
    libinit.o(.ARM.Collect$$libinit$$00000000) refers (Special) to libinit2.o(.ARM.Collect$$libinit$$00000017) for __rt_lib_init_lc_numeric_1
    libinit.o(.ARM.Collect$$libinit$$00000000) refers (Special) to libinit2.o(.ARM.Collect$$libinit$$00000019) for __rt_lib_init_lc_time_1
    libinit.o(.ARM.Collect$$libinit$$00000000) refers (Special) to libinit2.o(.ARM.Collect$$libinit$$00000004) for __rt_lib_init_preinit_1
    libinit.o(.ARM.Collect$$libinit$$00000000) refers (Special) to libinit2.o(.ARM.Collect$$libinit$$0000000E) for __rt_lib_init_rand_1
    libinit.o(.ARM.Collect$$libinit$$00000000) refers (Special) to libinit2.o(.ARM.Collect$$libinit$$00000033) for __rt_lib_init_return
    libinit.o(.ARM.Collect$$libinit$$00000000) refers (Special) to libinit2.o(.ARM.Collect$$libinit$$0000001D) for __rt_lib_init_signal_1
    libinit.o(.ARM.Collect$$libinit$$00000000) refers (Special) to libinit2.o(.ARM.Collect$$libinit$$00000025) for __rt_lib_init_stdio_1
    libinit.o(.ARM.Collect$$libinit$$00000000) refers (Special) to libinit2.o(.ARM.Collect$$libinit$$0000000C) for __rt_lib_init_user_alloc_1
    libspace.o(.text) refers to libspace.o(.bss) for __libspace_start
    rtexit.o(.ARM.Collect$$rtexit$$00000000) refers (Special) to rtexit2.o(.ARM.Collect$$rtexit$$00000004) for __rt_exit_exit
    rtexit.o(.ARM.Collect$$rtexit$$00000000) refers (Special) to rtexit2.o(.ARM.Collect$$rtexit$$00000003) for __rt_exit_ls
    rtexit.o(.ARM.Collect$$rtexit$$00000000) refers (Special) to rtexit2.o(.ARM.Collect$$rtexit$$00000002) for __rt_exit_prels_1
    rtexit.o(.ARM.exidx) refers (Special) to rtexit2.o(.ARM.Collect$$rtexit$$00000004) for __rt_exit_exit
    rtexit.o(.ARM.exidx) refers (Special) to rtexit2.o(.ARM.Collect$$rtexit$$00000003) for __rt_exit_ls
    rtexit.o(.ARM.exidx) refers (Special) to rtexit2.o(.ARM.Collect$$rtexit$$00000002) for __rt_exit_prels_1
    rtexit.o(.ARM.exidx) refers to rtexit.o(.ARM.Collect$$rtexit$$00000000) for .ARM.Collect$$rtexit$$00000000
    libinit2.o(.ARM.Collect$$libinit$$00000001) refers to fpinit.o(x$fpl$fpinit) for _fp_init
    libinit2.o(.ARM.Collect$$libinit$$00000010) refers to libinit2.o(.ARM.Collect$$libinit$$0000000F) for .ARM.Collect$$libinit$$0000000F
    libinit2.o(.ARM.Collect$$libinit$$00000012) refers to libinit2.o(.ARM.Collect$$libinit$$0000000F) for .ARM.Collect$$libinit$$0000000F
    libinit2.o(.ARM.Collect$$libinit$$00000014) refers to libinit2.o(.ARM.Collect$$libinit$$0000000F) for .ARM.Collect$$libinit$$0000000F
    libinit2.o(.ARM.Collect$$libinit$$00000016) refers to libinit2.o(.ARM.Collect$$libinit$$0000000F) for .ARM.Collect$$libinit$$0000000F
    libinit2.o(.ARM.Collect$$libinit$$00000018) refers to libinit2.o(.ARM.Collect$$libinit$$0000000F) for .ARM.Collect$$libinit$$0000000F
    libinit2.o(.ARM.Collect$$libinit$$00000026) refers to argv_veneer.o(.emb_text) for __ARM_argv_veneer
    libinit2.o(.ARM.Collect$$libinit$$00000027) refers to argv_veneer.o(.emb_text) for __ARM_argv_veneer
    rtexit2.o(.ARM.Collect$$rtexit$$00000003) refers to libshutdown.o(.ARM.Collect$$libshutdown$$00000000) for __rt_lib_shutdown
    rtexit2.o(.ARM.Collect$$rtexit$$00000004) refers to sys_exit.o(.text) for _sys_exit
    rtexit2.o(.ARM.exidx) refers to rtexit2.o(.ARM.Collect$$rtexit$$00000001) for .ARM.Collect$$rtexit$$00000001
    rtexit2.o(.ARM.exidx) refers to rtexit2.o(.ARM.Collect$$rtexit$$00000003) for .ARM.Collect$$rtexit$$00000003
    rtexit2.o(.ARM.exidx) refers to rtexit2.o(.ARM.Collect$$rtexit$$00000004) for .ARM.Collect$$rtexit$$00000004
    argv_veneer.o(.emb_text) refers to no_argv.o(.text) for __ARM_get_argv
    sys_exit.o(.text) refers (Special) to use_no_semi.o(.text) for __I$use$semihosting
    sys_exit.o(.text) refers (Special) to indicate_semi.o(.text) for __semihosting_library_function
    _get_argv_nomalloc.o(.text) refers (Special) to hrguard.o(.text) for __heap_region$guard
    _get_argv_nomalloc.o(.text) refers to defsig_rtmem_outer.o(.text) for __rt_SIGRTMEM
    _get_argv_nomalloc.o(.text) refers to sys_command.o(.text) for _sys_command_string
    libshutdown.o(.ARM.Collect$$libshutdown$$00000000) refers (Special) to libshutdown2.o(.ARM.Collect$$libshutdown$$00000006) for __rt_lib_shutdown_fp_trap_1
    libshutdown.o(.ARM.Collect$$libshutdown$$00000000) refers (Special) to libshutdown2.o(.ARM.Collect$$libshutdown$$0000000E) for __rt_lib_shutdown_heap_1
    libshutdown.o(.ARM.Collect$$libshutdown$$00000000) refers (Special) to libshutdown2.o(.ARM.Collect$$libshutdown$$0000000F) for __rt_lib_shutdown_return
    libshutdown.o(.ARM.Collect$$libshutdown$$00000000) refers (Special) to libshutdown2.o(.ARM.Collect$$libshutdown$$00000009) for __rt_lib_shutdown_signal_1
    libshutdown.o(.ARM.Collect$$libshutdown$$00000000) refers (Special) to libshutdown2.o(.ARM.Collect$$libshutdown$$00000003) for __rt_lib_shutdown_stdio_1
    libshutdown.o(.ARM.Collect$$libshutdown$$00000000) refers (Special) to libshutdown2.o(.ARM.Collect$$libshutdown$$0000000B) for __rt_lib_shutdown_user_alloc_1
    sys_command.o(.text) refers (Special) to use_no_semi.o(.text) for __I$use$semihosting
    sys_command.o(.text) refers (Special) to indicate_semi.o(.text) for __semihosting_library_function
    defsig_rtmem_outer.o(.text) refers to defsig_rtmem_inner.o(.text) for __rt_SIGRTMEM_inner
    defsig_rtmem_outer.o(.text) refers to defsig_exit.o(.text) for __sig_exit
    defsig_rtmem_formal.o(.text) refers to rt_raise.o(.text) for __rt_raise
    rt_raise.o(.text) refers to __raise.o(.text) for __raise
    rt_raise.o(.text) refers to sys_exit.o(.text) for _sys_exit
    defsig_exit.o(.text) refers to sys_exit.o(.text) for _sys_exit
    defsig_rtmem_inner.o(.text) refers to defsig_general.o(.text) for __default_signal_display
    __raise.o(.text) refers to defsig.o(CL$$defsig) for __default_signal_handler
    defsig_general.o(.text) refers to sys_wrch.o(.text) for _ttywrch
    sys_wrch.o(.text) refers (Special) to use_no_semi.o(.text) for __I$use$semihosting
    sys_wrch.o(.text) refers (Special) to indicate_semi.o(.text) for __semihosting_library_function
    defsig.o(CL$$defsig) refers to defsig_rtmem_inner.o(.text) for __rt_SIGRTMEM_inner
    defsig_abrt_inner.o(.text) refers to defsig_general.o(.text) for __default_signal_display
    defsig_fpe_inner.o(.text) refers to defsig_general.o(.text) for __default_signal_display
    defsig_rtred_inner.o(.text) refers to defsig_general.o(.text) for __default_signal_display
    defsig_stak_inner.o(.text) refers to defsig_general.o(.text) for __default_signal_display
    defsig_pvfn_inner.o(.text) refers to defsig_general.o(.text) for __default_signal_display
    defsig_cppl_inner.o(.text) refers to defsig_general.o(.text) for __default_signal_display
    defsig_segv_inner.o(.text) refers to defsig_general.o(.text) for __default_signal_display
    defsig_other.o(.text) refers to defsig_general.o(.text) for __default_signal_display


==============================================================================

Removing Unused input sections from the image.

    Removing main.o(.emb_text), (8 bytes).
    Removing bsp_init.o(.emb_text), (8 bytes).
    Removing drv_timer.o(.emb_text), (8 bytes).
    Removing drv_timer.o(i.Delay_ms), (24 bytes).
    Removing drv_timer.o(i.Delay_us), (24 bytes).
    Removing drv_timer.o(i.GetSysTime_us), (52 bytes).
    Removing drv_timer.o(i.Get_Delta_T), (38 bytes).
    Removing drv_timer.o(i.SysTick_GetTick), (12 bytes).
    Removing drv_timer.o(i.TIM2_CONF), (86 bytes).
    Removing drv_timer.o(i.TIM2_NVIC), (34 bytes).
    Removing drv_timer.o(i.Timer2_Init), (20 bytes).
    Removing drv_led.o(.emb_text), (8 bytes).
    Removing system_stm32f4xx.o(.emb_text), (8 bytes).
    Removing system_stm32f4xx.o(i.SystemCoreClockUpdate), (192 bytes).
    Removing system_stm32f4xx.o(.data), (20 bytes).
    Removing misc.o(.emb_text), (8 bytes).
    Removing misc.o(i.NVIC_Init), (224 bytes).
    Removing misc.o(i.NVIC_SetVectorTable), (120 bytes).
    Removing misc.o(i.NVIC_SystemLPConfig), (124 bytes).
    Removing stm32f4xx_adc.o(.emb_text), (8 bytes).
    Removing stm32f4xx_adc.o(i.ADC_AnalogWatchdogCmd), (188 bytes).
    Removing stm32f4xx_adc.o(i.ADC_AnalogWatchdogSingleChannelConfig), (208 bytes).
    Removing stm32f4xx_adc.o(i.ADC_AnalogWatchdogThresholdsConfig), (152 bytes).
    Removing stm32f4xx_adc.o(i.ADC_AutoInjectedConvCmd), (148 bytes).
    Removing stm32f4xx_adc.o(i.ADC_ClearFlag), (136 bytes).
    Removing stm32f4xx_adc.o(i.ADC_ClearITPendingBit), (160 bytes).
    Removing stm32f4xx_adc.o(i.ADC_Cmd), (148 bytes).
    Removing stm32f4xx_adc.o(i.ADC_CommonInit), (416 bytes).
    Removing stm32f4xx_adc.o(i.ADC_CommonStructInit), (12 bytes).
    Removing stm32f4xx_adc.o(i.ADC_ContinuousModeCmd), (148 bytes).
    Removing stm32f4xx_adc.o(i.ADC_DMACmd), (148 bytes).
    Removing stm32f4xx_adc.o(i.ADC_DMARequestAfterLastTransferCmd), (148 bytes).
    Removing stm32f4xx_adc.o(i.ADC_DeInit), (22 bytes).
    Removing stm32f4xx_adc.o(i.ADC_DiscModeChannelCountConfig), (152 bytes).
    Removing stm32f4xx_adc.o(i.ADC_DiscModeCmd), (148 bytes).
    Removing stm32f4xx_adc.o(i.ADC_EOCOnEachRegularChannelCmd), (148 bytes).
    Removing stm32f4xx_adc.o(i.ADC_ExternalTrigInjectedConvConfig), (228 bytes).
    Removing stm32f4xx_adc.o(i.ADC_ExternalTrigInjectedConvEdgeConfig), (156 bytes).
    Removing stm32f4xx_adc.o(i.ADC_GetConversionValue), (112 bytes).
    Removing stm32f4xx_adc.o(i.ADC_GetFlagStatus), (164 bytes).
    Removing stm32f4xx_adc.o(i.ADC_GetITStatus), (196 bytes).
    Removing stm32f4xx_adc.o(i.ADC_GetInjectedConversionValue), (160 bytes).
    Removing stm32f4xx_adc.o(i.ADC_GetMultiModeConversionValue), (12 bytes).
    Removing stm32f4xx_adc.o(i.ADC_GetSoftwareStartConvStatus), (128 bytes).
    Removing stm32f4xx_adc.o(i.ADC_GetSoftwareStartInjectedConvCmdStatus), (128 bytes).
    Removing stm32f4xx_adc.o(i.ADC_ITConfig), (204 bytes).
    Removing stm32f4xx_adc.o(i.ADC_Init), (484 bytes).
    Removing stm32f4xx_adc.o(i.ADC_InjectedChannelConfig), (404 bytes).
    Removing stm32f4xx_adc.o(i.ADC_InjectedDiscModeCmd), (148 bytes).
    Removing stm32f4xx_adc.o(i.ADC_InjectedSequencerLengthConfig), (152 bytes).
    Removing stm32f4xx_adc.o(i.ADC_MultiModeDMARequestAfterLastTransferCmd), (124 bytes).
    Removing stm32f4xx_adc.o(i.ADC_RegularChannelConfig), (480 bytes).
    Removing stm32f4xx_adc.o(i.ADC_SetInjectedOffset), (176 bytes).
    Removing stm32f4xx_adc.o(i.ADC_SoftwareStartConv), (116 bytes).
    Removing stm32f4xx_adc.o(i.ADC_SoftwareStartInjectedConv), (116 bytes).
    Removing stm32f4xx_adc.o(i.ADC_StructInit), (20 bytes).
    Removing stm32f4xx_adc.o(i.ADC_TempSensorVrefintCmd), (124 bytes).
    Removing stm32f4xx_adc.o(i.ADC_VBATCmd), (124 bytes).
    Removing stm32f4xx_dbgmcu.o(.emb_text), (8 bytes).
    Removing stm32f4xx_dbgmcu.o(i.DBGMCU_APB1PeriphConfig), (136 bytes).
    Removing stm32f4xx_dbgmcu.o(i.DBGMCU_APB2PeriphConfig), (136 bytes).
    Removing stm32f4xx_dbgmcu.o(i.DBGMCU_Config), (132 bytes).
    Removing stm32f4xx_dbgmcu.o(i.DBGMCU_GetDEVID), (16 bytes).
    Removing stm32f4xx_dbgmcu.o(i.DBGMCU_GetREVID), (12 bytes).
    Removing stm32f4xx_dma.o(.emb_text), (8 bytes).
    Removing stm32f4xx_dma.o(i.DMA_ClearFlag), (292 bytes).
    Removing stm32f4xx_dma.o(i.DMA_ClearITPendingBit), (292 bytes).
    Removing stm32f4xx_dma.o(i.DMA_Cmd), (252 bytes).
    Removing stm32f4xx_dma.o(i.DMA_DeInit), (544 bytes).
    Removing stm32f4xx_dma.o(i.DMA_DoubleBufferModeCmd), (252 bytes).
    Removing stm32f4xx_dma.o(i.DMA_DoubleBufferModeConfig), (256 bytes).
    Removing stm32f4xx_dma.o(i.DMA_FlowControllerConfig), (252 bytes).
    Removing stm32f4xx_dma.o(i.DMA_GetCmdStatus), (228 bytes).
    Removing stm32f4xx_dma.o(i.DMA_GetCurrDataCounter), (216 bytes).
    Removing stm32f4xx_dma.o(i.DMA_GetCurrentMemoryTarget), (228 bytes).
    Removing stm32f4xx_dma.o(i.DMA_GetFIFOStatus), (220 bytes).
    Removing stm32f4xx_dma.o(i.DMA_GetFlagStatus), (616 bytes).
    Removing stm32f4xx_dma.o(i.DMA_GetITStatus), (720 bytes).
    Removing stm32f4xx_dma.o(i.DMA_ITConfig), (308 bytes).
    Removing stm32f4xx_dma.o(i.DMA_Init), (732 bytes).
    Removing stm32f4xx_dma.o(i.DMA_MemoryTargetConfig), (244 bytes).
    Removing stm32f4xx_dma.o(i.DMA_PeriphIncOffsetSizeConfig), (252 bytes).
    Removing stm32f4xx_dma.o(i.DMA_SetCurrDataCounter), (216 bytes).
    Removing stm32f4xx_dma.o(i.DMA_StructInit), (34 bytes).
    Removing stm32f4xx_exti.o(.emb_text), (8 bytes).
    Removing stm32f4xx_exti.o(i.EXTI_ClearFlag), (92 bytes).
    Removing stm32f4xx_exti.o(i.EXTI_ClearITPendingBit), (96 bytes).
    Removing stm32f4xx_exti.o(i.EXTI_DeInit), (36 bytes).
    Removing stm32f4xx_exti.o(i.EXTI_GenerateSWInterrupt), (100 bytes).
    Removing stm32f4xx_exti.o(i.EXTI_GetFlagStatus), (220 bytes).
    Removing stm32f4xx_exti.o(i.EXTI_GetITStatus), (236 bytes).
    Removing stm32f4xx_exti.o(i.EXTI_Init), (300 bytes).
    Removing stm32f4xx_exti.o(i.EXTI_StructInit), (16 bytes).
    Removing stm32f4xx_flash.o(.emb_text), (8 bytes).
    Removing stm32f4xx_flash.o(i.FLASH_ClearFlag), (96 bytes).
    Removing stm32f4xx_flash.o(i.FLASH_DataCacheCmd), (116 bytes).
    Removing stm32f4xx_flash.o(i.FLASH_DataCacheReset), (20 bytes).
    Removing stm32f4xx_flash.o(i.FLASH_EraseAllSectors), (196 bytes).
    Removing stm32f4xx_flash.o(i.FLASH_EraseSector), (284 bytes).
    Removing stm32f4xx_flash.o(i.FLASH_GetFlagStatus), (132 bytes).
    Removing stm32f4xx_flash.o(i.FLASH_GetStatus), (72 bytes).
    Removing stm32f4xx_flash.o(i.FLASH_ITConfig), (136 bytes).
    Removing stm32f4xx_flash.o(i.FLASH_InstructionCacheCmd), (116 bytes).
    Removing stm32f4xx_flash.o(i.FLASH_InstructionCacheReset), (20 bytes).
    Removing stm32f4xx_flash.o(i.FLASH_Lock), (20 bytes).
    Removing stm32f4xx_flash.o(i.FLASH_OB_BORConfig), (116 bytes).
    Removing stm32f4xx_flash.o(i.FLASH_OB_GetBOR), (16 bytes).
    Removing stm32f4xx_flash.o(i.FLASH_OB_GetRDP), (24 bytes).
    Removing stm32f4xx_flash.o(i.FLASH_OB_GetUser), (16 bytes).
    Removing stm32f4xx_flash.o(i.FLASH_OB_GetWRP), (12 bytes).
    Removing stm32f4xx_flash.o(i.FLASH_OB_Launch), (32 bytes).
    Removing stm32f4xx_flash.o(i.FLASH_OB_Lock), (20 bytes).
    Removing stm32f4xx_flash.o(i.FLASH_OB_RDPConfig), (108 bytes).
    Removing stm32f4xx_flash.o(i.FLASH_OB_Unlock), (36 bytes).
    Removing stm32f4xx_flash.o(i.FLASH_OB_UserConfig), (172 bytes).
    Removing stm32f4xx_flash.o(i.FLASH_OB_WRPConfig), (148 bytes).
    Removing stm32f4xx_flash.o(i.FLASH_PrefetchBufferCmd), (116 bytes).
    Removing stm32f4xx_flash.o(i.FLASH_ProgramByte), (184 bytes).
    Removing stm32f4xx_flash.o(i.FLASH_ProgramDoubleWord), (196 bytes).
    Removing stm32f4xx_flash.o(i.FLASH_ProgramHalfWord), (188 bytes).
    Removing stm32f4xx_flash.o(i.FLASH_ProgramWord), (188 bytes).
    Removing stm32f4xx_flash.o(i.FLASH_SetLatency), (116 bytes).
    Removing stm32f4xx_flash.o(i.FLASH_Unlock), (36 bytes).
    Removing stm32f4xx_flash.o(i.FLASH_WaitForLastOperation), (34 bytes).
    Removing stm32f4xx_gpio.o(.emb_text), (8 bytes).
    Removing stm32f4xx_gpio.o(i.GPIO_DeInit), (380 bytes).
    Removing stm32f4xx_gpio.o(i.GPIO_Init), (440 bytes).
    Removing stm32f4xx_gpio.o(i.GPIO_PinAFConfig), (436 bytes).
    Removing stm32f4xx_gpio.o(i.GPIO_PinLockConfig), (220 bytes).
    Removing stm32f4xx_gpio.o(i.GPIO_ReadInputData), (172 bytes).
    Removing stm32f4xx_gpio.o(i.GPIO_ReadInputDataBit), (280 bytes).
    Removing stm32f4xx_gpio.o(i.GPIO_ReadOutputData), (172 bytes).
    Removing stm32f4xx_gpio.o(i.GPIO_ReadOutputDataBit), (280 bytes).
    Removing stm32f4xx_gpio.o(i.GPIO_ResetBits), (192 bytes).
    Removing stm32f4xx_gpio.o(i.GPIO_SetBits), (192 bytes).
    Removing stm32f4xx_gpio.o(i.GPIO_StructInit), (18 bytes).
    Removing stm32f4xx_gpio.o(i.GPIO_ToggleBits), (176 bytes).
    Removing stm32f4xx_gpio.o(i.GPIO_Write), (172 bytes).
    Removing stm32f4xx_gpio.o(i.GPIO_WriteBit), (292 bytes).
    Removing stm32f4xx_i2c.o(.emb_text), (8 bytes).
    Removing stm32f4xx_i2c.o(i.I2C_ARPCmd), (152 bytes).
    Removing stm32f4xx_i2c.o(i.I2C_AcknowledgeConfig), (152 bytes).
    Removing stm32f4xx_i2c.o(i.I2C_CalculatePEC), (152 bytes).
    Removing stm32f4xx_i2c.o(i.I2C_CheckEvent), (332 bytes).
    Removing stm32f4xx_i2c.o(i.I2C_ClearFlag), (144 bytes).
    Removing stm32f4xx_i2c.o(i.I2C_ClearITPendingBit), (144 bytes).
    Removing stm32f4xx_i2c.o(i.I2C_Cmd), (152 bytes).
    Removing stm32f4xx_i2c.o(i.I2C_DMACmd), (152 bytes).
    Removing stm32f4xx_i2c.o(i.I2C_DMALastTransferCmd), (152 bytes).
    Removing stm32f4xx_i2c.o(i.I2C_DeInit), (184 bytes).
    Removing stm32f4xx_i2c.o(i.I2C_DualAddressCmd), (152 bytes).
    Removing stm32f4xx_i2c.o(i.I2C_FastModeDutyCycleConfig), (164 bytes).
    Removing stm32f4xx_i2c.o(i.I2C_GeneralCallCmd), (152 bytes).
    Removing stm32f4xx_i2c.o(i.I2C_GenerateSTART), (152 bytes).
    Removing stm32f4xx_i2c.o(i.I2C_GenerateSTOP), (152 bytes).
    Removing stm32f4xx_i2c.o(i.I2C_GetFlagStatus), (336 bytes).
    Removing stm32f4xx_i2c.o(i.I2C_GetITStatus), (280 bytes).
    Removing stm32f4xx_i2c.o(i.I2C_GetLastEvent), (136 bytes).
    Removing stm32f4xx_i2c.o(i.I2C_GetPEC), (112 bytes).
    Removing stm32f4xx_i2c.o(i.I2C_ITConfig), (168 bytes).
    Removing stm32f4xx_i2c.o(i.I2C_Init), (476 bytes).
    Removing stm32f4xx_i2c.o(i.I2C_NACKPositionConfig), (164 bytes).
    Removing stm32f4xx_i2c.o(i.I2C_OwnAddress2Config), (128 bytes).
    Removing stm32f4xx_i2c.o(i.I2C_PECPositionConfig), (164 bytes).
    Removing stm32f4xx_i2c.o(i.I2C_ReadRegister), (172 bytes).
    Removing stm32f4xx_i2c.o(i.I2C_ReceiveData), (112 bytes).
    Removing stm32f4xx_i2c.o(i.I2C_SMBusAlertConfig), (164 bytes).
    Removing stm32f4xx_i2c.o(i.I2C_Send7bitAddress), (144 bytes).
    Removing stm32f4xx_i2c.o(i.I2C_SendData), (112 bytes).
    Removing stm32f4xx_i2c.o(i.I2C_SoftwareResetCmd), (148 bytes).
    Removing stm32f4xx_i2c.o(i.I2C_StretchClockCmd), (152 bytes).
    Removing stm32f4xx_i2c.o(i.I2C_StructInit), (30 bytes).
    Removing stm32f4xx_i2c.o(i.I2C_TransmitPEC), (152 bytes).
    Removing stm32f4xx_pwr.o(.emb_text), (8 bytes).
    Removing stm32f4xx_pwr.o(i.PWR_BackupAccessCmd), (92 bytes).
    Removing stm32f4xx_pwr.o(i.PWR_BackupRegulatorCmd), (92 bytes).
    Removing stm32f4xx_pwr.o(i.PWR_ClearFlag), (104 bytes).
    Removing stm32f4xx_pwr.o(i.PWR_DeInit), (22 bytes).
    Removing stm32f4xx_pwr.o(i.PWR_EnterSTANDBYMode), (52 bytes).
    Removing stm32f4xx_pwr.o(i.PWR_EnterSTOPMode), (164 bytes).
    Removing stm32f4xx_pwr.o(i.PWR_FlashPowerDownCmd), (92 bytes).
    Removing stm32f4xx_pwr.o(i.PWR_GetFlagStatus), (124 bytes).
    Removing stm32f4xx_pwr.o(i.PWR_MainRegulatorModeConfig), (120 bytes).
    Removing stm32f4xx_pwr.o(i.PWR_PVDCmd), (92 bytes).
    Removing stm32f4xx_pwr.o(i.PWR_PVDLevelConfig), (124 bytes).
    Removing stm32f4xx_pwr.o(i.PWR_WakeUpPinCmd), (92 bytes).
    Removing stm32f4xx_rcc.o(.emb_text), (8 bytes).
    Removing stm32f4xx_rcc.o(i.RCC_AHB1PeriphClockCmd), (140 bytes).
    Removing stm32f4xx_rcc.o(i.RCC_AHB1PeriphClockLPModeCmd), (140 bytes).
    Removing stm32f4xx_rcc.o(i.RCC_AHB1PeriphResetCmd), (140 bytes).
    Removing stm32f4xx_rcc.o(i.RCC_AHB2PeriphClockCmd), (136 bytes).
    Removing stm32f4xx_rcc.o(i.RCC_AHB2PeriphClockLPModeCmd), (136 bytes).
    Removing stm32f4xx_rcc.o(i.RCC_AHB2PeriphResetCmd), (136 bytes).
    Removing stm32f4xx_rcc.o(i.RCC_AHB3PeriphClockCmd), (136 bytes).
    Removing stm32f4xx_rcc.o(i.RCC_AHB3PeriphClockLPModeCmd), (136 bytes).
    Removing stm32f4xx_rcc.o(i.RCC_AHB3PeriphResetCmd), (136 bytes).
    Removing stm32f4xx_rcc.o(i.RCC_APB1PeriphClockCmd), (140 bytes).
    Removing stm32f4xx_rcc.o(i.RCC_APB1PeriphClockLPModeCmd), (140 bytes).
    Removing stm32f4xx_rcc.o(i.RCC_APB1PeriphResetCmd), (140 bytes).
    Removing stm32f4xx_rcc.o(i.RCC_APB2PeriphClockCmd), (140 bytes).
    Removing stm32f4xx_rcc.o(i.RCC_APB2PeriphClockLPModeCmd), (140 bytes).
    Removing stm32f4xx_rcc.o(i.RCC_APB2PeriphResetCmd), (140 bytes).
    Removing stm32f4xx_rcc.o(i.RCC_AdjustHSICalibrationValue), (104 bytes).
    Removing stm32f4xx_rcc.o(i.RCC_BackupResetCmd), (92 bytes).
    Removing stm32f4xx_rcc.o(i.RCC_ClearFlag), (20 bytes).
    Removing stm32f4xx_rcc.o(i.RCC_ClearITPendingBit), (96 bytes).
    Removing stm32f4xx_rcc.o(i.RCC_ClockSecuritySystemCmd), (92 bytes).
    Removing stm32f4xx_rcc.o(i.RCC_DeInit), (72 bytes).
    Removing stm32f4xx_rcc.o(i.RCC_GetFlagStatus), (196 bytes).
    Removing stm32f4xx_rcc.o(i.RCC_GetITStatus), (128 bytes).
    Removing stm32f4xx_rcc.o(i.RCC_GetSYSCLKSource), (16 bytes).
    Removing stm32f4xx_rcc.o(i.RCC_HCLKConfig), (132 bytes).
    Removing stm32f4xx_rcc.o(i.RCC_HSEConfig), (100 bytes).
    Removing stm32f4xx_rcc.o(i.RCC_HSICmd), (92 bytes).
    Removing stm32f4xx_rcc.o(i.RCC_I2SCLKConfig), (92 bytes).
    Removing stm32f4xx_rcc.o(i.RCC_ITConfig), (136 bytes).
    Removing stm32f4xx_rcc.o(i.RCC_LSEConfig), (132 bytes).
    Removing stm32f4xx_rcc.o(i.RCC_LSICmd), (92 bytes).
    Removing stm32f4xx_rcc.o(i.RCC_MCO1Config), (164 bytes).
    Removing stm32f4xx_rcc.o(i.RCC_MCO2Config), (164 bytes).
    Removing stm32f4xx_rcc.o(i.RCC_PCLK1Config), (124 bytes).
    Removing stm32f4xx_rcc.o(i.RCC_PCLK2Config), (124 bytes).
    Removing stm32f4xx_rcc.o(i.RCC_PLLCmd), (92 bytes).
    Removing stm32f4xx_rcc.o(i.RCC_PLLConfig), (220 bytes).
    Removing stm32f4xx_rcc.o(i.RCC_PLLI2SCmd), (92 bytes).
    Removing stm32f4xx_rcc.o(i.RCC_PLLI2SConfig), (124 bytes).
    Removing stm32f4xx_rcc.o(i.RCC_RTCCLKCmd), (92 bytes).
    Removing stm32f4xx_rcc.o(i.RCC_RTCCLKConfig), (448 bytes).
    Removing stm32f4xx_rcc.o(i.RCC_SYSCLKConfig), (108 bytes).
    Removing stm32f4xx_rcc.o(i.RCC_WaitForHSEStartUp), (56 bytes).
    Removing stm32f4xx_spi.o(.emb_text), (8 bytes).
    Removing stm32f4xx_spi.o(i.I2S_Cmd), (156 bytes).
    Removing stm32f4xx_spi.o(i.I2S_FullDuplexConfig), (312 bytes).
    Removing stm32f4xx_spi.o(i.I2S_Init), (588 bytes).
    Removing stm32f4xx_spi.o(i.I2S_StructInit), (20 bytes).
    Removing stm32f4xx_spi.o(i.SPI_BiDirectionalLineConfig), (164 bytes).
    Removing stm32f4xx_spi.o(i.SPI_CalculateCRC), (152 bytes).
    Removing stm32f4xx_spi.o(i.SPI_Cmd), (152 bytes).
    Removing stm32f4xx_spi.o(i.SPI_DataSizeConfig), (148 bytes).
    Removing stm32f4xx_spi.o(i.SPI_GetCRC), (144 bytes).
    Removing stm32f4xx_spi.o(i.SPI_GetCRCPolynomial), (112 bytes).
    Removing stm32f4xx_spi.o(i.SPI_I2S_ClearFlag), (148 bytes).
    Removing stm32f4xx_spi.o(i.SPI_I2S_ClearITPendingBit), (160 bytes).
    Removing stm32f4xx_spi.o(i.SPI_I2S_DMACmd), (184 bytes).
    Removing stm32f4xx_spi.o(i.SPI_I2S_DeInit), (176 bytes).
    Removing stm32f4xx_spi.o(i.SPI_I2S_GetFlagStatus), (192 bytes).
    Removing stm32f4xx_spi.o(i.SPI_I2S_GetITStatus), (228 bytes).
    Removing stm32f4xx_spi.o(i.SPI_I2S_ITConfig), (208 bytes).
    Removing stm32f4xx_spi.o(i.SPI_I2S_ReceiveData), (128 bytes).
    Removing stm32f4xx_spi.o(i.SPI_I2S_SendData), (128 bytes).
    Removing stm32f4xx_spi.o(i.SPI_Init), (420 bytes).
    Removing stm32f4xx_spi.o(i.SPI_NSSInternalSoftwareConfig), (164 bytes).
    Removing stm32f4xx_spi.o(i.SPI_SSOutputCmd), (152 bytes).
    Removing stm32f4xx_spi.o(i.SPI_StructInit), (24 bytes).
    Removing stm32f4xx_spi.o(i.SPI_TIModeCmd), (152 bytes).
    Removing stm32f4xx_spi.o(i.SPI_TransmitCRC), (116 bytes).
    Removing stm32f4xx_syscfg.o(.emb_text), (8 bytes).
    Removing stm32f4xx_syscfg.o(i.SYSCFG_CompensationCellCmd), (92 bytes).
    Removing stm32f4xx_syscfg.o(i.SYSCFG_DeInit), (22 bytes).
    Removing stm32f4xx_syscfg.o(i.SYSCFG_ETH_MediaInterfaceConfig), (92 bytes).
    Removing stm32f4xx_syscfg.o(i.SYSCFG_EXTILineConfig), (244 bytes).
    Removing stm32f4xx_syscfg.o(i.SYSCFG_GetCompensationCellStatus), (24 bytes).
    Removing stm32f4xx_syscfg.o(i.SYSCFG_MemoryRemapConfig), (100 bytes).
    Removing stm32f4xx_tim.o(.emb_text), (8 bytes).
    Removing stm32f4xx_tim.o(i.TI1_Config), (58 bytes).
    Removing stm32f4xx_tim.o(i.TI2_Config), (80 bytes).
    Removing stm32f4xx_tim.o(i.TI3_Config), (72 bytes).
    Removing stm32f4xx_tim.o(i.TI4_Config), (80 bytes).
    Removing stm32f4xx_tim.o(i.TIM_ARRPreloadConfig), (256 bytes).
    Removing stm32f4xx_tim.o(i.TIM_BDTRConfig), (292 bytes).
    Removing stm32f4xx_tim.o(i.TIM_BDTRStructInit), (18 bytes).
    Removing stm32f4xx_tim.o(i.TIM_CCPreloadControl), (140 bytes).
    Removing stm32f4xx_tim.o(i.TIM_CCxCmd), (272 bytes).
    Removing stm32f4xx_tim.o(i.TIM_CCxNCmd), (172 bytes).
    Removing stm32f4xx_tim.o(i.TIM_ClearFlag), (220 bytes).
    Removing stm32f4xx_tim.o(i.TIM_ClearITPendingBit), (220 bytes).
    Removing stm32f4xx_tim.o(i.TIM_ClearOC1Ref), (228 bytes).
    Removing stm32f4xx_tim.o(i.TIM_ClearOC2Ref), (196 bytes).
    Removing stm32f4xx_tim.o(i.TIM_ClearOC3Ref), (168 bytes).
    Removing stm32f4xx_tim.o(i.TIM_ClearOC4Ref), (176 bytes).
    Removing stm32f4xx_tim.o(i.TIM_Cmd), (256 bytes).
    Removing stm32f4xx_tim.o(i.TIM_CounterModeConfig), (180 bytes).
    Removing stm32f4xx_tim.o(i.TIM_CtrlPWMOutputs), (148 bytes).
    Removing stm32f4xx_tim.o(i.TIM_DMACmd), (216 bytes).
    Removing stm32f4xx_tim.o(i.TIM_DMAConfig), (352 bytes).
    Removing stm32f4xx_tim.o(i.TIM_DeInit), (552 bytes).
    Removing stm32f4xx_tim.o(i.TIM_ETRClockMode1Config), (252 bytes).
    Removing stm32f4xx_tim.o(i.TIM_ETRClockMode2Config), (232 bytes).
    Removing stm32f4xx_tim.o(i.TIM_ETRConfig), (244 bytes).
    Removing stm32f4xx_tim.o(i.TIM_EncoderInterfaceConfig), (316 bytes).
    Removing stm32f4xx_tim.o(i.TIM_ForcedOC1Config), (232 bytes).
    Removing stm32f4xx_tim.o(i.TIM_ForcedOC2Config), (200 bytes).
    Removing stm32f4xx_tim.o(i.TIM_ForcedOC3Config), (172 bytes).
    Removing stm32f4xx_tim.o(i.TIM_ForcedOC4Config), (180 bytes).
    Removing stm32f4xx_tim.o(i.TIM_GenerateEvent), (240 bytes).
    Removing stm32f4xx_tim.o(i.TIM_GetCapture1), (196 bytes).
    Removing stm32f4xx_tim.o(i.TIM_GetCapture2), (156 bytes).
    Removing stm32f4xx_tim.o(i.TIM_GetCapture3), (136 bytes).
    Removing stm32f4xx_tim.o(i.TIM_GetCapture4), (136 bytes).
    Removing stm32f4xx_tim.o(i.TIM_GetCounter), (216 bytes).
    Removing stm32f4xx_tim.o(i.TIM_GetFlagStatus), (300 bytes).
    Removing stm32f4xx_tim.o(i.TIM_GetITStatus), (300 bytes).
    Removing stm32f4xx_tim.o(i.TIM_GetPrescaler), (216 bytes).
    Removing stm32f4xx_tim.o(i.TIM_ICInit), (564 bytes).
    Removing stm32f4xx_tim.o(i.TIM_ICStructInit), (18 bytes).
    Removing stm32f4xx_tim.o(i.TIM_ITConfig), (272 bytes).
    Removing stm32f4xx_tim.o(i.TIM_ITRxExternalClockConfig), (200 bytes).
    Removing stm32f4xx_tim.o(i.TIM_InternalClockConfig), (164 bytes).
    Removing stm32f4xx_tim.o(i.TIM_OC1FastConfig), (228 bytes).
    Removing stm32f4xx_tim.o(i.TIM_OC1Init), (504 bytes).
    Removing stm32f4xx_tim.o(i.TIM_OC1NPolarityConfig), (132 bytes).
    Removing stm32f4xx_tim.o(i.TIM_OC1PolarityConfig), (228 bytes).
    Removing stm32f4xx_tim.o(i.TIM_OC1PreloadConfig), (228 bytes).
    Removing stm32f4xx_tim.o(i.TIM_OC2FastConfig), (196 bytes).
    Removing stm32f4xx_tim.o(i.TIM_OC2Init), (504 bytes).
    Removing stm32f4xx_tim.o(i.TIM_OC2NPolarityConfig), (140 bytes).
    Removing stm32f4xx_tim.o(i.TIM_OC2PolarityConfig), (196 bytes).
    Removing stm32f4xx_tim.o(i.TIM_OC2PreloadConfig), (196 bytes).
    Removing stm32f4xx_tim.o(i.TIM_OC3FastConfig), (168 bytes).
    Removing stm32f4xx_tim.o(i.TIM_OC3Init), (480 bytes).
    Removing stm32f4xx_tim.o(i.TIM_OC3NPolarityConfig), (140 bytes).
    Removing stm32f4xx_tim.o(i.TIM_OC3PolarityConfig), (176 bytes).
    Removing stm32f4xx_tim.o(i.TIM_OC3PreloadConfig), (168 bytes).
    Removing stm32f4xx_tim.o(i.TIM_OC4FastConfig), (176 bytes).
    Removing stm32f4xx_tim.o(i.TIM_OC4Init), (372 bytes).
    Removing stm32f4xx_tim.o(i.TIM_OC4PolarityConfig), (176 bytes).
    Removing stm32f4xx_tim.o(i.TIM_OC4PreloadConfig), (176 bytes).
    Removing stm32f4xx_tim.o(i.TIM_OCStructInit), (20 bytes).
    Removing stm32f4xx_tim.o(i.TIM_PWMIConfig), (272 bytes).
    Removing stm32f4xx_tim.o(i.TIM_PrescalerConfig), (240 bytes).
    Removing stm32f4xx_tim.o(i.TIM_RemapConfig), (164 bytes).
    Removing stm32f4xx_tim.o(i.TIM_SelectCCDMA), (176 bytes).
    Removing stm32f4xx_tim.o(i.TIM_SelectCOM), (140 bytes).
    Removing stm32f4xx_tim.o(i.TIM_SelectHallSensor), (196 bytes).
    Removing stm32f4xx_tim.o(i.TIM_SelectInputTrigger), (252 bytes).
    Removing stm32f4xx_tim.o(i.TIM_SelectMasterSlaveMode), (192 bytes).
    Removing stm32f4xx_tim.o(i.TIM_SelectOCxM), (356 bytes).
    Removing stm32f4xx_tim.o(i.TIM_SelectOnePulseMode), (252 bytes).
    Removing stm32f4xx_tim.o(i.TIM_SelectOutputTrigger), (216 bytes).
    Removing stm32f4xx_tim.o(i.TIM_SelectSlaveMode), (200 bytes).
    Removing stm32f4xx_tim.o(i.TIM_SetAutoreload), (220 bytes).
    Removing stm32f4xx_tim.o(i.TIM_SetClockDivision), (240 bytes).
    Removing stm32f4xx_tim.o(i.TIM_SetCompare1), (200 bytes).
    Removing stm32f4xx_tim.o(i.TIM_SetCompare2), (160 bytes).
    Removing stm32f4xx_tim.o(i.TIM_SetCompare3), (140 bytes).
    Removing stm32f4xx_tim.o(i.TIM_SetCompare4), (140 bytes).
    Removing stm32f4xx_tim.o(i.TIM_SetCounter), (220 bytes).
    Removing stm32f4xx_tim.o(i.TIM_SetIC1Prescaler), (240 bytes).
    Removing stm32f4xx_tim.o(i.TIM_SetIC2Prescaler), (208 bytes).
    Removing stm32f4xx_tim.o(i.TIM_SetIC3Prescaler), (180 bytes).
    Removing stm32f4xx_tim.o(i.TIM_SetIC4Prescaler), (188 bytes).
    Removing stm32f4xx_tim.o(i.TIM_TIxExternalClockConfig), (288 bytes).
    Removing stm32f4xx_tim.o(i.TIM_TimeBaseInit), (392 bytes).
    Removing stm32f4xx_tim.o(i.TIM_TimeBaseStructInit), (18 bytes).
    Removing stm32f4xx_tim.o(i.TIM_UpdateDisableConfig), (256 bytes).
    Removing stm32f4xx_tim.o(i.TIM_UpdateRequestConfig), (256 bytes).
    Removing stm32f4xx_usart.o(.emb_text), (8 bytes).
    Removing stm32f4xx_usart.o(i.USART_ClearFlag), (212 bytes).
    Removing stm32f4xx_usart.o(i.USART_ClearITPendingBit), (248 bytes).
    Removing stm32f4xx_usart.o(i.USART_ClockInit), (244 bytes).
    Removing stm32f4xx_usart.o(i.USART_ClockStructInit), (12 bytes).
    Removing stm32f4xx_usart.o(i.USART_Cmd), (180 bytes).
    Removing stm32f4xx_usart.o(i.USART_DMACmd), (200 bytes).
    Removing stm32f4xx_usart.o(i.USART_DeInit), (288 bytes).
    Removing stm32f4xx_usart.o(i.USART_GetFlagStatus), (256 bytes).
    Removing stm32f4xx_usart.o(i.USART_GetITStatus), (364 bytes).
    Removing stm32f4xx_usart.o(i.USART_HalfDuplexCmd), (180 bytes).
    Removing stm32f4xx_usart.o(i.USART_ITConfig), (344 bytes).
    Removing stm32f4xx_usart.o(i.USART_Init), (544 bytes).
    Removing stm32f4xx_usart.o(i.USART_IrDACmd), (180 bytes).
    Removing stm32f4xx_usart.o(i.USART_IrDAConfig), (176 bytes).
    Removing stm32f4xx_usart.o(i.USART_LINBreakDetectLengthConfig), (176 bytes).
    Removing stm32f4xx_usart.o(i.USART_LINCmd), (180 bytes).
    Removing stm32f4xx_usart.o(i.USART_OneBitMethodCmd), (180 bytes).
    Removing stm32f4xx_usart.o(i.USART_OverSampling8Cmd), (180 bytes).
    Removing stm32f4xx_usart.o(i.USART_ReceiveData), (144 bytes).
    Removing stm32f4xx_usart.o(i.USART_ReceiverWakeUpCmd), (180 bytes).
    Removing stm32f4xx_usart.o(i.USART_SendBreak), (148 bytes).
    Removing stm32f4xx_usart.o(i.USART_SendData), (164 bytes).
    Removing stm32f4xx_usart.o(i.USART_SetAddress), (172 bytes).
    Removing stm32f4xx_usart.o(i.USART_SetGuardTime), (136 bytes).
    Removing stm32f4xx_usart.o(i.USART_SetPrescaler), (156 bytes).
    Removing stm32f4xx_usart.o(i.USART_SmartCardCmd), (160 bytes).
    Removing stm32f4xx_usart.o(i.USART_SmartCardNACKCmd), (160 bytes).
    Removing stm32f4xx_usart.o(i.USART_StructInit), (24 bytes).
    Removing stm32f4xx_usart.o(i.USART_WakeUpConfig), (176 bytes).

386 unused section(s) (total 64680 bytes) removed from the image.

==============================================================================

Image Symbol Table

    Local Symbols

    Symbol Name                              Value     Ov Type        Size  Object(Section)

    ../clib/angel/boardlib.s                 0x00000000   Number         0  boardinit2.o ABSOLUTE
    ../clib/angel/boardlib.s                 0x00000000   Number         0  boardshut.o ABSOLUTE
    ../clib/angel/boardlib.s                 0x00000000   Number         0  boardinit1.o ABSOLUTE
    ../clib/angel/boardlib.s                 0x00000000   Number         0  boardinit3.o ABSOLUTE
    ../clib/angel/handlers.s                 0x00000000   Number         0  __scatter_zi.o ABSOLUTE
    ../clib/angel/handlers.s                 0x00000000   Number         0  __scatter_copy.o ABSOLUTE
    ../clib/angel/kernel.s                   0x00000000   Number         0  __rtentry4.o ABSOLUTE
    ../clib/angel/kernel.s                   0x00000000   Number         0  rtexit.o ABSOLUTE
    ../clib/angel/kernel.s                   0x00000000   Number         0  rtexit2.o ABSOLUTE
    ../clib/angel/kernel.s                   0x00000000   Number         0  __rtentry2.o ABSOLUTE
    ../clib/angel/kernel.s                   0x00000000   Number         0  __rtentry.o ABSOLUTE
    ../clib/angel/rt.s                       0x00000000   Number         0  rt_raise.o ABSOLUTE
    ../clib/angel/scatter.s                  0x00000000   Number         0  __scatter.o ABSOLUTE
    ../clib/angel/startup.s                  0x00000000   Number         0  __main.o ABSOLUTE
    ../clib/angel/sys.s                      0x00000000   Number         0  sys_stackheap_outer.o ABSOLUTE
    ../clib/angel/sys.s                      0x00000000   Number         0  libspace.o ABSOLUTE
    ../clib/angel/sys.s                      0x00000000   Number         0  indicate_semi.o ABSOLUTE
    ../clib/angel/sys.s                      0x00000000   Number         0  use_no_semi.o ABSOLUTE
    ../clib/angel/sysapp.c                   0x00000000   Number         0  sys_command.o ABSOLUTE
    ../clib/angel/sysapp.c                   0x00000000   Number         0  sys_exit.o ABSOLUTE
    ../clib/angel/sysapp.c                   0x00000000   Number         0  sys_wrch.o ABSOLUTE
    ../clib/armsys.c                         0x00000000   Number         0  no_argv.o ABSOLUTE
    ../clib/armsys.c                         0x00000000   Number         0  argv_veneer.o ABSOLUTE
    ../clib/armsys.c                         0x00000000   Number         0  _get_argv_nomalloc.o ABSOLUTE
    ../clib/armsys.c                         0x00000000   Number         0  argv_veneer.o ABSOLUTE
    ../clib/heapalloc.c                      0x00000000   Number         0  hrguard.o ABSOLUTE
    ../clib/heapaux.c                        0x00000000   Number         0  heapauxi.o ABSOLUTE
    ../clib/libinit.s                        0x00000000   Number         0  libinit.o ABSOLUTE
    ../clib/libinit.s                        0x00000000   Number         0  libshutdown.o ABSOLUTE
    ../clib/libinit.s                        0x00000000   Number         0  libinit2.o ABSOLUTE
    ../clib/libinit.s                        0x00000000   Number         0  libshutdown2.o ABSOLUTE
    ../clib/signal.c                         0x00000000   Number         0  defsig_segv_inner.o ABSOLUTE
    ../clib/signal.c                         0x00000000   Number         0  defsig_pvfn_inner.o ABSOLUTE
    ../clib/signal.c                         0x00000000   Number         0  defsig_stak_inner.o ABSOLUTE
    ../clib/signal.c                         0x00000000   Number         0  defsig_rtred_inner.o ABSOLUTE
    ../clib/signal.c                         0x00000000   Number         0  defsig_fpe_inner.o ABSOLUTE
    ../clib/signal.c                         0x00000000   Number         0  defsig_abrt_inner.o ABSOLUTE
    ../clib/signal.c                         0x00000000   Number         0  __raise.o ABSOLUTE
    ../clib/signal.c                         0x00000000   Number         0  defsig_rtmem_inner.o ABSOLUTE
    ../clib/signal.c                         0x00000000   Number         0  defsig_exit.o ABSOLUTE
    ../clib/signal.c                         0x00000000   Number         0  defsig_rtmem_formal.o ABSOLUTE
    ../clib/signal.c                         0x00000000   Number         0  defsig_rtmem_outer.o ABSOLUTE
    ../clib/signal.c                         0x00000000   Number         0  defsig_general.o ABSOLUTE
    ../clib/signal.c                         0x00000000   Number         0  defsig_cppl_inner.o ABSOLUTE
    ../clib/signal.c                         0x00000000   Number         0  defsig_other.o ABSOLUTE
    ../clib/signal.s                         0x00000000   Number         0  defsig.o ABSOLUTE
    ../clib/stdlib.c                         0x00000000   Number         0  exit.o ABSOLUTE
    ../fplib/fpinit.s                        0x00000000   Number         0  fpinit.o ABSOLUTE
    Libraries\CMSIS\ST\STM32F4xx\Source\Templates\arm\startup_stm32f4xx.s 0x00000000   Number         0  startup_stm32f4xx.o ABSOLUTE
    Libraries\CMSIS\ST\STM32F4xx\Source\Templates\system_stm32f4xx.c 0x00000000   Number         0  system_stm32f4xx.o ABSOLUTE
    Libraries\STM32F4xx_StdPeriph_Driver\src\misc.c 0x00000000   Number         0  misc.o ABSOLUTE
    Libraries\STM32F4xx_StdPeriph_Driver\src\stm32f4xx_adc.c 0x00000000   Number         0  stm32f4xx_adc.o ABSOLUTE
    Libraries\STM32F4xx_StdPeriph_Driver\src\stm32f4xx_dbgmcu.c 0x00000000   Number         0  stm32f4xx_dbgmcu.o ABSOLUTE
    Libraries\STM32F4xx_StdPeriph_Driver\src\stm32f4xx_dma.c 0x00000000   Number         0  stm32f4xx_dma.o ABSOLUTE
    Libraries\STM32F4xx_StdPeriph_Driver\src\stm32f4xx_exti.c 0x00000000   Number         0  stm32f4xx_exti.o ABSOLUTE
    Libraries\STM32F4xx_StdPeriph_Driver\src\stm32f4xx_flash.c 0x00000000   Number         0  stm32f4xx_flash.o ABSOLUTE
    Libraries\STM32F4xx_StdPeriph_Driver\src\stm32f4xx_gpio.c 0x00000000   Number         0  stm32f4xx_gpio.o ABSOLUTE
    Libraries\STM32F4xx_StdPeriph_Driver\src\stm32f4xx_i2c.c 0x00000000   Number         0  stm32f4xx_i2c.o ABSOLUTE
    Libraries\STM32F4xx_StdPeriph_Driver\src\stm32f4xx_pwr.c 0x00000000   Number         0  stm32f4xx_pwr.o ABSOLUTE
    Libraries\STM32F4xx_StdPeriph_Driver\src\stm32f4xx_rcc.c 0x00000000   Number         0  stm32f4xx_rcc.o ABSOLUTE
    Libraries\STM32F4xx_StdPeriph_Driver\src\stm32f4xx_spi.c 0x00000000   Number         0  stm32f4xx_spi.o ABSOLUTE
    Libraries\STM32F4xx_StdPeriph_Driver\src\stm32f4xx_syscfg.c 0x00000000   Number         0  stm32f4xx_syscfg.o ABSOLUTE
    Libraries\STM32F4xx_StdPeriph_Driver\src\stm32f4xx_tim.c 0x00000000   Number         0  stm32f4xx_tim.o ABSOLUTE
    Libraries\STM32F4xx_StdPeriph_Driver\src\stm32f4xx_usart.c 0x00000000   Number         0  stm32f4xx_usart.o ABSOLUTE
    Libraries\\CMSIS\\ST\\STM32F4xx\\Source\\Templates\\system_stm32f4xx.c 0x00000000   Number         0  system_stm32f4xx.o ABSOLUTE
    Libraries\\STM32F4xx_StdPeriph_Driver\\src\\misc.c 0x00000000   Number         0  misc.o ABSOLUTE
    Libraries\\STM32F4xx_StdPeriph_Driver\\src\\stm32f4xx_adc.c 0x00000000   Number         0  stm32f4xx_adc.o ABSOLUTE
    Libraries\\STM32F4xx_StdPeriph_Driver\\src\\stm32f4xx_dbgmcu.c 0x00000000   Number         0  stm32f4xx_dbgmcu.o ABSOLUTE
    Libraries\\STM32F4xx_StdPeriph_Driver\\src\\stm32f4xx_dma.c 0x00000000   Number         0  stm32f4xx_dma.o ABSOLUTE
    Libraries\\STM32F4xx_StdPeriph_Driver\\src\\stm32f4xx_exti.c 0x00000000   Number         0  stm32f4xx_exti.o ABSOLUTE
    Libraries\\STM32F4xx_StdPeriph_Driver\\src\\stm32f4xx_flash.c 0x00000000   Number         0  stm32f4xx_flash.o ABSOLUTE
    Libraries\\STM32F4xx_StdPeriph_Driver\\src\\stm32f4xx_gpio.c 0x00000000   Number         0  stm32f4xx_gpio.o ABSOLUTE
    Libraries\\STM32F4xx_StdPeriph_Driver\\src\\stm32f4xx_i2c.c 0x00000000   Number         0  stm32f4xx_i2c.o ABSOLUTE
    Libraries\\STM32F4xx_StdPeriph_Driver\\src\\stm32f4xx_pwr.c 0x00000000   Number         0  stm32f4xx_pwr.o ABSOLUTE
    Libraries\\STM32F4xx_StdPeriph_Driver\\src\\stm32f4xx_rcc.c 0x00000000   Number         0  stm32f4xx_rcc.o ABSOLUTE
    Libraries\\STM32F4xx_StdPeriph_Driver\\src\\stm32f4xx_spi.c 0x00000000   Number         0  stm32f4xx_spi.o ABSOLUTE
    Libraries\\STM32F4xx_StdPeriph_Driver\\src\\stm32f4xx_syscfg.c 0x00000000   Number         0  stm32f4xx_syscfg.o ABSOLUTE
    Libraries\\STM32F4xx_StdPeriph_Driver\\src\\stm32f4xx_tim.c 0x00000000   Number         0  stm32f4xx_tim.o ABSOLUTE
    Libraries\\STM32F4xx_StdPeriph_Driver\\src\\stm32f4xx_usart.c 0x00000000   Number         0  stm32f4xx_usart.o ABSOLUTE
    User\Applications\BSP_Init.c             0x00000000   Number         0  bsp_init.o ABSOLUTE
    User\Applications\main.c                 0x00000000   Number         0  main.o ABSOLUTE
    User\Drivers\Drv_led.c                   0x00000000   Number         0  drv_led.o ABSOLUTE
    User\Drivers\Drv_timer.c                 0x00000000   Number         0  drv_timer.o ABSOLUTE
    User\\Applications\\BSP_Init.c           0x00000000   Number         0  bsp_init.o ABSOLUTE
    User\\Applications\\main.c               0x00000000   Number         0  main.o ABSOLUTE
    User\\Drivers\\Drv_led.c                 0x00000000   Number         0  drv_led.o ABSOLUTE
    User\\Drivers\\Drv_timer.c               0x00000000   Number         0  drv_timer.o ABSOLUTE
    dc.s                                     0x00000000   Number         0  dc.o ABSOLUTE
    RESET                                    0x08000000   Section      392  startup_stm32f4xx.o(RESET)
    !!!main                                  0x08000188   Section        8  __main.o(!!!main)
    !!!scatter                               0x08000190   Section       52  __scatter.o(!!!scatter)
    !!handler_copy                           0x080001c4   Section       26  __scatter_copy.o(!!handler_copy)
    !!handler_zi                             0x080001e0   Section       28  __scatter_zi.o(!!handler_zi)
    .ARM.Collect$$libinit$$00000000          0x080001fc   Section        2  libinit.o(.ARM.Collect$$libinit$$00000000)
    .ARM.Collect$$libinit$$00000001          0x080001fe   Section        4  libinit2.o(.ARM.Collect$$libinit$$00000001)
    .ARM.Collect$$libinit$$00000004          0x08000202   Section        0  libinit2.o(.ARM.Collect$$libinit$$00000004)
    .ARM.Collect$$libinit$$0000000A          0x08000202   Section        0  libinit2.o(.ARM.Collect$$libinit$$0000000A)
    .ARM.Collect$$libinit$$0000000C          0x08000202   Section        0  libinit2.o(.ARM.Collect$$libinit$$0000000C)
    .ARM.Collect$$libinit$$0000000E          0x08000202   Section        0  libinit2.o(.ARM.Collect$$libinit$$0000000E)
    .ARM.Collect$$libinit$$00000011          0x08000202   Section        0  libinit2.o(.ARM.Collect$$libinit$$00000011)
    .ARM.Collect$$libinit$$00000013          0x08000202   Section        0  libinit2.o(.ARM.Collect$$libinit$$00000013)
    .ARM.Collect$$libinit$$00000015          0x08000202   Section        0  libinit2.o(.ARM.Collect$$libinit$$00000015)
    .ARM.Collect$$libinit$$00000017          0x08000202   Section        0  libinit2.o(.ARM.Collect$$libinit$$00000017)
    .ARM.Collect$$libinit$$00000019          0x08000202   Section        0  libinit2.o(.ARM.Collect$$libinit$$00000019)
    .ARM.Collect$$libinit$$0000001B          0x08000202   Section        0  libinit2.o(.ARM.Collect$$libinit$$0000001B)
    .ARM.Collect$$libinit$$0000001D          0x08000202   Section        0  libinit2.o(.ARM.Collect$$libinit$$0000001D)
    .ARM.Collect$$libinit$$0000001F          0x08000202   Section        0  libinit2.o(.ARM.Collect$$libinit$$0000001F)
    .ARM.Collect$$libinit$$00000021          0x08000202   Section        0  libinit2.o(.ARM.Collect$$libinit$$00000021)
    .ARM.Collect$$libinit$$00000023          0x08000202   Section        0  libinit2.o(.ARM.Collect$$libinit$$00000023)
    .ARM.Collect$$libinit$$00000025          0x08000202   Section        0  libinit2.o(.ARM.Collect$$libinit$$00000025)
    .ARM.Collect$$libinit$$0000002C          0x08000202   Section        0  libinit2.o(.ARM.Collect$$libinit$$0000002C)
    .ARM.Collect$$libinit$$0000002E          0x08000202   Section        0  libinit2.o(.ARM.Collect$$libinit$$0000002E)
    .ARM.Collect$$libinit$$00000030          0x08000202   Section        0  libinit2.o(.ARM.Collect$$libinit$$00000030)
    .ARM.Collect$$libinit$$00000032          0x08000202   Section        0  libinit2.o(.ARM.Collect$$libinit$$00000032)
    .ARM.Collect$$libinit$$00000033          0x08000202   Section        2  libinit2.o(.ARM.Collect$$libinit$$00000033)
    .ARM.Collect$$libshutdown$$00000000      0x08000204   Section        2  libshutdown.o(.ARM.Collect$$libshutdown$$00000000)
    .ARM.Collect$$libshutdown$$00000003      0x08000206   Section        0  libshutdown2.o(.ARM.Collect$$libshutdown$$00000003)
    .ARM.Collect$$libshutdown$$00000006      0x08000206   Section        0  libshutdown2.o(.ARM.Collect$$libshutdown$$00000006)
    .ARM.Collect$$libshutdown$$00000009      0x08000206   Section        0  libshutdown2.o(.ARM.Collect$$libshutdown$$00000009)
    .ARM.Collect$$libshutdown$$0000000B      0x08000206   Section        0  libshutdown2.o(.ARM.Collect$$libshutdown$$0000000B)
    .ARM.Collect$$libshutdown$$0000000E      0x08000206   Section        0  libshutdown2.o(.ARM.Collect$$libshutdown$$0000000E)
    .ARM.Collect$$libshutdown$$0000000F      0x08000206   Section        2  libshutdown2.o(.ARM.Collect$$libshutdown$$0000000F)
    .ARM.Collect$$rtentry$$00000000          0x08000208   Section        0  __rtentry.o(.ARM.Collect$$rtentry$$00000000)
    .ARM.Collect$$rtentry$$00000002          0x08000208   Section        0  __rtentry2.o(.ARM.Collect$$rtentry$$00000002)
    .ARM.Collect$$rtentry$$00000004          0x08000208   Section        6  __rtentry4.o(.ARM.Collect$$rtentry$$00000004)
    .ARM.Collect$$rtentry$$00000009          0x0800020e   Section        0  __rtentry2.o(.ARM.Collect$$rtentry$$00000009)
    .ARM.Collect$$rtentry$$0000000A          0x0800020e   Section        4  __rtentry2.o(.ARM.Collect$$rtentry$$0000000A)
    .ARM.Collect$$rtentry$$0000000C          0x08000212   Section        0  __rtentry2.o(.ARM.Collect$$rtentry$$0000000C)
    .ARM.Collect$$rtentry$$0000000D          0x08000212   Section        8  __rtentry2.o(.ARM.Collect$$rtentry$$0000000D)
    .ARM.Collect$$rtexit$$00000000           0x0800021a   Section        2  rtexit.o(.ARM.Collect$$rtexit$$00000000)
    .ARM.Collect$$rtexit$$00000002           0x0800021c   Section        0  rtexit2.o(.ARM.Collect$$rtexit$$00000002)
    .ARM.Collect$$rtexit$$00000003           0x0800021c   Section        4  rtexit2.o(.ARM.Collect$$rtexit$$00000003)
    .ARM.Collect$$rtexit$$00000004           0x08000220   Section        6  rtexit2.o(.ARM.Collect$$rtexit$$00000004)
    .text                                    0x08000228   Section       64  startup_stm32f4xx.o(.text)
    $v0                                      0x08000228   Number         0  startup_stm32f4xx.o(.text)
    .text                                    0x08000268   Section        0  heapauxi.o(.text)
    .text                                    0x0800026e   Section       74  sys_stackheap_outer.o(.text)
    .text                                    0x080002b8   Section        0  exit.o(.text)
    .text                                    0x080002c4   Section        8  libspace.o(.text)
    .text                                    0x080002cc   Section        0  sys_exit.o(.text)
    .text                                    0x080002d8   Section        2  use_no_semi.o(.text)
    .text                                    0x080002da   Section        0  indicate_semi.o(.text)
    i.All_Init                               0x080002da   Section        0  bsp_init.o(i.All_Init)
    i.LED_1ms_DRV                            0x080002ec   Section        0  drv_led.o(i.LED_1ms_DRV)
    i.NVIC_PriorityGroupConfig               0x08000328   Section        0  misc.o(i.NVIC_PriorityGroupConfig)
    i.RCC_GetClocksFreq                      0x08000398   Section        0  stm32f4xx_rcc.o(i.RCC_GetClocksFreq)
    i.SetSysClock                            0x08000480   Section        0  system_stm32f4xx.o(i.SetSysClock)
    SetSysClock                              0x08000481   Thumb Code   220  system_stm32f4xx.o(i.SetSysClock)
    i.SysTick_CLKSourceConfig                0x0800056c   Section        0  misc.o(i.SysTick_CLKSourceConfig)
    i.SysTick_Configuration                  0x080005dc   Section        0  drv_timer.o(i.SysTick_Configuration)
    i.SysTick_Handler                        0x08000648   Section        0  drv_timer.o(i.SysTick_Handler)
    i.SystemInit                             0x08000664   Section        0  system_stm32f4xx.o(i.SystemInit)
    i.assert_failed                          0x080006cc   Section        0  main.o(i.assert_failed)
    i.main                                   0x080006d0   Section        0  main.o(i.main)
    i.sys_time                               0x080006dc   Section        0  drv_timer.o(i.sys_time)
    x$fpl$fpinit                             0x080006ec   Section       10  fpinit.o(x$fpl$fpinit)
    $v0                                      0x080006ec   Number         0  fpinit.o(x$fpl$fpinit)
    .data                                    0x20000000   Section        8  drv_timer.o(.data)
    .data                                    0x20000008   Section       24  drv_led.o(.data)
    led_cnt                                  0x20000018   Data           8  drv_led.o(.data)
    .data                                    0x20000020   Section       16  stm32f4xx_rcc.o(.data)
    APBAHBPrescTable                         0x20000020   Data          16  stm32f4xx_rcc.o(.data)
    .bss                                     0x20000030   Section       96  libspace.o(.bss)
    HEAP                                     0x20000090   Section     1024  startup_stm32f4xx.o(HEAP)
    Heap_Mem                                 0x20000090   Data        1024  startup_stm32f4xx.o(HEAP)
    STACK                                    0x20000490   Section     2048  startup_stm32f4xx.o(STACK)
    Stack_Mem                                0x20000490   Data        2048  startup_stm32f4xx.o(STACK)
    __initial_sp                             0x20000c90   Data           0  startup_stm32f4xx.o(STACK)

    Global Symbols

    Symbol Name                              Value     Ov Type        Size  Object(Section)

    BuildAttributes$$THM_ISAv4$E$P$D$K$B$S$7EM$VFPi3$EXTD16$VFPS$VFMA$PE$A:L22UL41UL21$X:L11$S22US41US21$IEEE1$IW$USESV6$~STKCKD$USESV7$~SHL$OSPACE$ROPI$EBA8$UX$STANDARDLIB$REQ8$PRES8$EABIv2 0x00000000   Number         0  anon$$obj.o ABSOLUTE
    __ARM_use_no_argv                        0x00000000   Number         0  main.o ABSOLUTE
    __ARM_exceptions_init                     - Undefined Weak Reference
    __alloca_initialize                       - Undefined Weak Reference
    __arm_preinit_                            - Undefined Weak Reference
    __cpp_initialize__aeabi_                  - Undefined Weak Reference
    __cxa_finalize                            - Undefined Weak Reference
    __rt_locale                               - Undefined Weak Reference
    __sigvec_lookup                           - Undefined Weak Reference
    _atexit_init                              - Undefined Weak Reference
    _call_atexit_fns                          - Undefined Weak Reference
    _clock_init                               - Undefined Weak Reference
    _fp_trap_init                             - Undefined Weak Reference
    _fp_trap_shutdown                         - Undefined Weak Reference
    _get_lc_collate                           - Undefined Weak Reference
    _get_lc_ctype                             - Undefined Weak Reference
    _get_lc_monetary                          - Undefined Weak Reference
    _get_lc_numeric                           - Undefined Weak Reference
    _get_lc_time                              - Undefined Weak Reference
    _getenv_init                              - Undefined Weak Reference
    _handle_redirection                       - Undefined Weak Reference
    _init_alloc                               - Undefined Weak Reference
    _init_user_alloc                          - Undefined Weak Reference
    _initio                                   - Undefined Weak Reference
    _rand_init                                - Undefined Weak Reference
    _signal_finish                            - Undefined Weak Reference
    _signal_init                              - Undefined Weak Reference
    _terminate_alloc                          - Undefined Weak Reference
    _terminate_user_alloc                     - Undefined Weak Reference
    _terminateio                              - Undefined Weak Reference
    __Vectors_Size                           0x00000188   Number         0  startup_stm32f4xx.o ABSOLUTE
    __Vectors                                0x08000000   Data           4  startup_stm32f4xx.o(RESET)
    __Vectors_End                            0x08000188   Data           0  startup_stm32f4xx.o(RESET)
    __main                                   0x08000189   Thumb Code     8  __main.o(!!!main)
    __scatterload                            0x08000191   Thumb Code     0  __scatter.o(!!!scatter)
    __scatterload_rt2                        0x08000191   Thumb Code    44  __scatter.o(!!!scatter)
    __scatterload_rt2_thumb_only             0x08000191   Thumb Code     0  __scatter.o(!!!scatter)
    __scatterload_null                       0x0800019f   Thumb Code     0  __scatter.o(!!!scatter)
    __scatterload_copy                       0x080001c5   Thumb Code    26  __scatter_copy.o(!!handler_copy)
    __scatterload_zeroinit                   0x080001e1   Thumb Code    28  __scatter_zi.o(!!handler_zi)
    __rt_lib_init                            0x080001fd   Thumb Code     0  libinit.o(.ARM.Collect$$libinit$$00000000)
    __rt_lib_init_fp_1                       0x080001ff   Thumb Code     0  libinit2.o(.ARM.Collect$$libinit$$00000001)
    __rt_lib_init_alloca_1                   0x08000203   Thumb Code     0  libinit2.o(.ARM.Collect$$libinit$$0000002E)
    __rt_lib_init_argv_1                     0x08000203   Thumb Code     0  libinit2.o(.ARM.Collect$$libinit$$0000002C)
    __rt_lib_init_atexit_1                   0x08000203   Thumb Code     0  libinit2.o(.ARM.Collect$$libinit$$0000001B)
    __rt_lib_init_clock_1                    0x08000203   Thumb Code     0  libinit2.o(.ARM.Collect$$libinit$$00000021)
    __rt_lib_init_cpp_1                      0x08000203   Thumb Code     0  libinit2.o(.ARM.Collect$$libinit$$00000032)
    __rt_lib_init_exceptions_1               0x08000203   Thumb Code     0  libinit2.o(.ARM.Collect$$libinit$$00000030)
    __rt_lib_init_fp_trap_1                  0x08000203   Thumb Code     0  libinit2.o(.ARM.Collect$$libinit$$0000001F)
    __rt_lib_init_getenv_1                   0x08000203   Thumb Code     0  libinit2.o(.ARM.Collect$$libinit$$00000023)
    __rt_lib_init_heap_1                     0x08000203   Thumb Code     0  libinit2.o(.ARM.Collect$$libinit$$0000000A)
    __rt_lib_init_lc_collate_1               0x08000203   Thumb Code     0  libinit2.o(.ARM.Collect$$libinit$$00000011)
    __rt_lib_init_lc_ctype_1                 0x08000203   Thumb Code     0  libinit2.o(.ARM.Collect$$libinit$$00000013)
    __rt_lib_init_lc_monetary_1              0x08000203   Thumb Code     0  libinit2.o(.ARM.Collect$$libinit$$00000015)
    __rt_lib_init_lc_numeric_1               0x08000203   Thumb Code     0  libinit2.o(.ARM.Collect$$libinit$$00000017)
    __rt_lib_init_lc_time_1                  0x08000203   Thumb Code     0  libinit2.o(.ARM.Collect$$libinit$$00000019)
    __rt_lib_init_preinit_1                  0x08000203   Thumb Code     0  libinit2.o(.ARM.Collect$$libinit$$00000004)
    __rt_lib_init_rand_1                     0x08000203   Thumb Code     0  libinit2.o(.ARM.Collect$$libinit$$0000000E)
    __rt_lib_init_return                     0x08000203   Thumb Code     0  libinit2.o(.ARM.Collect$$libinit$$00000033)
    __rt_lib_init_signal_1                   0x08000203   Thumb Code     0  libinit2.o(.ARM.Collect$$libinit$$0000001D)
    __rt_lib_init_stdio_1                    0x08000203   Thumb Code     0  libinit2.o(.ARM.Collect$$libinit$$00000025)
    __rt_lib_init_user_alloc_1               0x08000203   Thumb Code     0  libinit2.o(.ARM.Collect$$libinit$$0000000C)
    __rt_lib_shutdown                        0x08000205   Thumb Code     0  libshutdown.o(.ARM.Collect$$libshutdown$$00000000)
    __rt_lib_shutdown_fp_trap_1              0x08000207   Thumb Code     0  libshutdown2.o(.ARM.Collect$$libshutdown$$00000006)
    __rt_lib_shutdown_heap_1                 0x08000207   Thumb Code     0  libshutdown2.o(.ARM.Collect$$libshutdown$$0000000E)
    __rt_lib_shutdown_return                 0x08000207   Thumb Code     0  libshutdown2.o(.ARM.Collect$$libshutdown$$0000000F)
    __rt_lib_shutdown_signal_1               0x08000207   Thumb Code     0  libshutdown2.o(.ARM.Collect$$libshutdown$$00000009)
    __rt_lib_shutdown_stdio_1                0x08000207   Thumb Code     0  libshutdown2.o(.ARM.Collect$$libshutdown$$00000003)
    __rt_lib_shutdown_user_alloc_1           0x08000207   Thumb Code     0  libshutdown2.o(.ARM.Collect$$libshutdown$$0000000B)
    __rt_entry                               0x08000209   Thumb Code     0  __rtentry.o(.ARM.Collect$$rtentry$$00000000)
    __rt_entry_presh_1                       0x08000209   Thumb Code     0  __rtentry2.o(.ARM.Collect$$rtentry$$00000002)
    __rt_entry_sh                            0x08000209   Thumb Code     0  __rtentry4.o(.ARM.Collect$$rtentry$$00000004)
    __rt_entry_li                            0x0800020f   Thumb Code     0  __rtentry2.o(.ARM.Collect$$rtentry$$0000000A)
    __rt_entry_postsh_1                      0x0800020f   Thumb Code     0  __rtentry2.o(.ARM.Collect$$rtentry$$00000009)
    __rt_entry_main                          0x08000213   Thumb Code     0  __rtentry2.o(.ARM.Collect$$rtentry$$0000000D)
    __rt_entry_postli_1                      0x08000213   Thumb Code     0  __rtentry2.o(.ARM.Collect$$rtentry$$0000000C)
    __rt_exit                                0x0800021b   Thumb Code     0  rtexit.o(.ARM.Collect$$rtexit$$00000000)
    __rt_exit_ls                             0x0800021d   Thumb Code     0  rtexit2.o(.ARM.Collect$$rtexit$$00000003)
    __rt_exit_prels_1                        0x0800021d   Thumb Code     0  rtexit2.o(.ARM.Collect$$rtexit$$00000002)
    __rt_exit_exit                           0x08000221   Thumb Code     0  rtexit2.o(.ARM.Collect$$rtexit$$00000004)
    Reset_Handler                            0x08000229   Thumb Code     8  startup_stm32f4xx.o(.text)
    NMI_Handler                              0x08000231   Thumb Code     2  startup_stm32f4xx.o(.text)
    HardFault_Handler                        0x08000233   Thumb Code     2  startup_stm32f4xx.o(.text)
    MemManage_Handler                        0x08000235   Thumb Code     2  startup_stm32f4xx.o(.text)
    BusFault_Handler                         0x08000237   Thumb Code     2  startup_stm32f4xx.o(.text)
    UsageFault_Handler                       0x08000239   Thumb Code     2  startup_stm32f4xx.o(.text)
    SVC_Handler                              0x0800023b   Thumb Code     2  startup_stm32f4xx.o(.text)
    DebugMon_Handler                         0x0800023d   Thumb Code     2  startup_stm32f4xx.o(.text)
    PendSV_Handler                           0x0800023f   Thumb Code     2  startup_stm32f4xx.o(.text)
    ADC_IRQHandler                           0x08000243   Thumb Code     0  startup_stm32f4xx.o(.text)
    CAN1_RX0_IRQHandler                      0x08000243   Thumb Code     0  startup_stm32f4xx.o(.text)
    CAN1_RX1_IRQHandler                      0x08000243   Thumb Code     0  startup_stm32f4xx.o(.text)
    CAN1_SCE_IRQHandler                      0x08000243   Thumb Code     0  startup_stm32f4xx.o(.text)
    CAN1_TX_IRQHandler                       0x08000243   Thumb Code     0  startup_stm32f4xx.o(.text)
    CAN2_RX0_IRQHandler                      0x08000243   Thumb Code     0  startup_stm32f4xx.o(.text)
    CAN2_RX1_IRQHandler                      0x08000243   Thumb Code     0  startup_stm32f4xx.o(.text)
    CAN2_SCE_IRQHandler                      0x08000243   Thumb Code     0  startup_stm32f4xx.o(.text)
    CAN2_TX_IRQHandler                       0x08000243   Thumb Code     0  startup_stm32f4xx.o(.text)
    CRYP_IRQHandler                          0x08000243   Thumb Code     0  startup_stm32f4xx.o(.text)
    DCMI_IRQHandler                          0x08000243   Thumb Code     0  startup_stm32f4xx.o(.text)
    DMA1_Stream0_IRQHandler                  0x08000243   Thumb Code     0  startup_stm32f4xx.o(.text)
    DMA1_Stream1_IRQHandler                  0x08000243   Thumb Code     0  startup_stm32f4xx.o(.text)
    DMA1_Stream2_IRQHandler                  0x08000243   Thumb Code     0  startup_stm32f4xx.o(.text)
    DMA1_Stream3_IRQHandler                  0x08000243   Thumb Code     0  startup_stm32f4xx.o(.text)
    DMA1_Stream4_IRQHandler                  0x08000243   Thumb Code     0  startup_stm32f4xx.o(.text)
    DMA1_Stream5_IRQHandler                  0x08000243   Thumb Code     0  startup_stm32f4xx.o(.text)
    DMA1_Stream6_IRQHandler                  0x08000243   Thumb Code     0  startup_stm32f4xx.o(.text)
    DMA1_Stream7_IRQHandler                  0x08000243   Thumb Code     0  startup_stm32f4xx.o(.text)
    DMA2_Stream0_IRQHandler                  0x08000243   Thumb Code     0  startup_stm32f4xx.o(.text)
    DMA2_Stream1_IRQHandler                  0x08000243   Thumb Code     0  startup_stm32f4xx.o(.text)
    DMA2_Stream2_IRQHandler                  0x08000243   Thumb Code     0  startup_stm32f4xx.o(.text)
    DMA2_Stream3_IRQHandler                  0x08000243   Thumb Code     0  startup_stm32f4xx.o(.text)
    DMA2_Stream4_IRQHandler                  0x08000243   Thumb Code     0  startup_stm32f4xx.o(.text)
    DMA2_Stream5_IRQHandler                  0x08000243   Thumb Code     0  startup_stm32f4xx.o(.text)
    DMA2_Stream6_IRQHandler                  0x08000243   Thumb Code     0  startup_stm32f4xx.o(.text)
    DMA2_Stream7_IRQHandler                  0x08000243   Thumb Code     0  startup_stm32f4xx.o(.text)
    ETH_IRQHandler                           0x08000243   Thumb Code     0  startup_stm32f4xx.o(.text)
    ETH_WKUP_IRQHandler                      0x08000243   Thumb Code     0  startup_stm32f4xx.o(.text)
    EXTI0_IRQHandler                         0x08000243   Thumb Code     0  startup_stm32f4xx.o(.text)
    EXTI15_10_IRQHandler                     0x08000243   Thumb Code     0  startup_stm32f4xx.o(.text)
    EXTI1_IRQHandler                         0x08000243   Thumb Code     0  startup_stm32f4xx.o(.text)
    EXTI2_IRQHandler                         0x08000243   Thumb Code     0  startup_stm32f4xx.o(.text)
    EXTI3_IRQHandler                         0x08000243   Thumb Code     0  startup_stm32f4xx.o(.text)
    EXTI4_IRQHandler                         0x08000243   Thumb Code     0  startup_stm32f4xx.o(.text)
    EXTI9_5_IRQHandler                       0x08000243   Thumb Code     0  startup_stm32f4xx.o(.text)
    FLASH_IRQHandler                         0x08000243   Thumb Code     0  startup_stm32f4xx.o(.text)
    FPU_IRQHandler                           0x08000243   Thumb Code     0  startup_stm32f4xx.o(.text)
    FSMC_IRQHandler                          0x08000243   Thumb Code     0  startup_stm32f4xx.o(.text)
    HASH_RNG_IRQHandler                      0x08000243   Thumb Code     0  startup_stm32f4xx.o(.text)
    I2C1_ER_IRQHandler                       0x08000243   Thumb Code     0  startup_stm32f4xx.o(.text)
    I2C1_EV_IRQHandler                       0x08000243   Thumb Code     0  startup_stm32f4xx.o(.text)
    I2C2_ER_IRQHandler                       0x08000243   Thumb Code     0  startup_stm32f4xx.o(.text)
    I2C2_EV_IRQHandler                       0x08000243   Thumb Code     0  startup_stm32f4xx.o(.text)
    I2C3_ER_IRQHandler                       0x08000243   Thumb Code     0  startup_stm32f4xx.o(.text)
    I2C3_EV_IRQHandler                       0x08000243   Thumb Code     0  startup_stm32f4xx.o(.text)
    OTG_FS_IRQHandler                        0x08000243   Thumb Code     0  startup_stm32f4xx.o(.text)
    OTG_FS_WKUP_IRQHandler                   0x08000243   Thumb Code     0  startup_stm32f4xx.o(.text)
    OTG_HS_EP1_IN_IRQHandler                 0x08000243   Thumb Code     0  startup_stm32f4xx.o(.text)
    OTG_HS_EP1_OUT_IRQHandler                0x08000243   Thumb Code     0  startup_stm32f4xx.o(.text)
    OTG_HS_IRQHandler                        0x08000243   Thumb Code     0  startup_stm32f4xx.o(.text)
    OTG_HS_WKUP_IRQHandler                   0x08000243   Thumb Code     0  startup_stm32f4xx.o(.text)
    PVD_IRQHandler                           0x08000243   Thumb Code     0  startup_stm32f4xx.o(.text)
    RCC_IRQHandler                           0x08000243   Thumb Code     0  startup_stm32f4xx.o(.text)
    RTC_Alarm_IRQHandler                     0x08000243   Thumb Code     0  startup_stm32f4xx.o(.text)
    RTC_WKUP_IRQHandler                      0x08000243   Thumb Code     0  startup_stm32f4xx.o(.text)
    SDIO_IRQHandler                          0x08000243   Thumb Code     0  startup_stm32f4xx.o(.text)
    SPI1_IRQHandler                          0x08000243   Thumb Code     0  startup_stm32f4xx.o(.text)
    SPI2_IRQHandler                          0x08000243   Thumb Code     0  startup_stm32f4xx.o(.text)
    SPI3_IRQHandler                          0x08000243   Thumb Code     0  startup_stm32f4xx.o(.text)
    TAMP_STAMP_IRQHandler                    0x08000243   Thumb Code     0  startup_stm32f4xx.o(.text)
    TIM1_BRK_TIM9_IRQHandler                 0x08000243   Thumb Code     0  startup_stm32f4xx.o(.text)
    TIM1_CC_IRQHandler                       0x08000243   Thumb Code     0  startup_stm32f4xx.o(.text)
    TIM1_TRG_COM_TIM11_IRQHandler            0x08000243   Thumb Code     0  startup_stm32f4xx.o(.text)
    TIM1_UP_TIM10_IRQHandler                 0x08000243   Thumb Code     0  startup_stm32f4xx.o(.text)
    TIM2_IRQHandler                          0x08000243   Thumb Code     0  startup_stm32f4xx.o(.text)
    TIM3_IRQHandler                          0x08000243   Thumb Code     0  startup_stm32f4xx.o(.text)
    TIM4_IRQHandler                          0x08000243   Thumb Code     0  startup_stm32f4xx.o(.text)
    TIM5_IRQHandler                          0x08000243   Thumb Code     0  startup_stm32f4xx.o(.text)
    TIM6_DAC_IRQHandler                      0x08000243   Thumb Code     0  startup_stm32f4xx.o(.text)
    TIM7_IRQHandler                          0x08000243   Thumb Code     0  startup_stm32f4xx.o(.text)
    TIM8_BRK_TIM12_IRQHandler                0x08000243   Thumb Code     0  startup_stm32f4xx.o(.text)
    TIM8_CC_IRQHandler                       0x08000243   Thumb Code     0  startup_stm32f4xx.o(.text)
    TIM8_TRG_COM_TIM14_IRQHandler            0x08000243   Thumb Code     0  startup_stm32f4xx.o(.text)
    TIM8_UP_TIM13_IRQHandler                 0x08000243   Thumb Code     0  startup_stm32f4xx.o(.text)
    UART4_IRQHandler                         0x08000243   Thumb Code     0  startup_stm32f4xx.o(.text)
    UART5_IRQHandler                         0x08000243   Thumb Code     0  startup_stm32f4xx.o(.text)
    USART1_IRQHandler                        0x08000243   Thumb Code     0  startup_stm32f4xx.o(.text)
    USART2_IRQHandler                        0x08000243   Thumb Code     0  startup_stm32f4xx.o(.text)
    USART3_IRQHandler                        0x08000243   Thumb Code     0  startup_stm32f4xx.o(.text)
    USART6_IRQHandler                        0x08000243   Thumb Code     0  startup_stm32f4xx.o(.text)
    WWDG_IRQHandler                          0x08000243   Thumb Code     0  startup_stm32f4xx.o(.text)
    __user_initial_stackheap                 0x08000245   Thumb Code     0  startup_stm32f4xx.o(.text)
    __use_two_region_memory                  0x08000269   Thumb Code     2  heapauxi.o(.text)
    __rt_heap_escrow$2region                 0x0800026b   Thumb Code     2  heapauxi.o(.text)
    __rt_heap_expand$2region                 0x0800026d   Thumb Code     2  heapauxi.o(.text)
    __user_setup_stackheap                   0x0800026f   Thumb Code    74  sys_stackheap_outer.o(.text)
    exit                                     0x080002b9   Thumb Code    12  exit.o(.text)
    __user_libspace                          0x080002c5   Thumb Code     8  libspace.o(.text)
    __user_perproc_libspace                  0x080002c5   Thumb Code     0  libspace.o(.text)
    __user_perthread_libspace                0x080002c5   Thumb Code     0  libspace.o(.text)
    _sys_exit                                0x080002cd   Thumb Code     8  sys_exit.o(.text)
    __I$use$semihosting                      0x080002d9   Thumb Code     0  use_no_semi.o(.text)
    __use_no_semihosting_swi                 0x080002d9   Thumb Code     2  use_no_semi.o(.text)
    All_Init                                 0x080002db   Thumb Code    18  bsp_init.o(i.All_Init)
    __semihosting_library_function           0x080002db   Thumb Code     0  indicate_semi.o(.text)
    LED_1ms_DRV                              0x080002ed   Thumb Code    52  drv_led.o(i.LED_1ms_DRV)
    NVIC_PriorityGroupConfig                 0x08000329   Thumb Code    54  misc.o(i.NVIC_PriorityGroupConfig)
    RCC_GetClocksFreq                        0x08000399   Thumb Code   214  stm32f4xx_rcc.o(i.RCC_GetClocksFreq)
    SysTick_CLKSourceConfig                  0x0800056d   Thumb Code    62  misc.o(i.SysTick_CLKSourceConfig)
    SysTick_Configuration                    0x080005dd   Thumb Code   100  drv_timer.o(i.SysTick_Configuration)
    SysTick_Handler                          0x08000649   Thumb Code    22  drv_timer.o(i.SysTick_Handler)
    SystemInit                               0x08000665   Thumb Code    88  system_stm32f4xx.o(i.SystemInit)
    assert_failed                            0x080006cd   Thumb Code     4  main.o(i.assert_failed)
    main                                     0x080006d1   Thumb Code    10  main.o(i.main)
    sys_time                                 0x080006dd   Thumb Code    12  drv_timer.o(i.sys_time)
    _fp_init                                 0x080006ed   Thumb Code    10  fpinit.o(x$fpl$fpinit)
    __fplib_config_fpu_vfp                   0x080006f5   Thumb Code     0  fpinit.o(x$fpl$fpinit)
    __fplib_config_pureend_doubles           0x080006f5   Thumb Code     0  fpinit.o(x$fpl$fpinit)
    Region$$Table$$Base                      0x080006f8   Number         0  anon$$obj.o(Region$$Table)
    Region$$Table$$Limit                     0x08000718   Number         0  anon$$obj.o(Region$$Table)
    sysTickUpTime                            0x20000000   Data           4  drv_timer.o(.data)
    systime_ms                               0x20000004   Data           4  drv_timer.o(.data)
    LED_Brightness                           0x20000008   Data          16  drv_led.o(.data)
    __libspace_start                         0x20000030   Data          96  libspace.o(.bss)
    __temporary_stack_top$libspace           0x20000090   Data           0  libspace.o(.bss)



==============================================================================

Memory Map of the image

  Image Entry point : 0x08000189

  Load Region LR_IROM1 (Base: 0x08000000, Size: 0x00000748, Max: 0x00100000, ABSOLUTE)

    Execution Region ER_IROM1 (Base: 0x08000000, Size: 0x00000718, Max: 0x00100000, ABSOLUTE)

    Base Addr    Size         Type   Attr      Idx    E Section Name        Object

    0x08000000   0x00000188   Data   RO          231    RESET               startup_stm32f4xx.o
    0x08000188   0x00000008   Code   RO         2571  * !!!main             c_w.l(__main.o)
    0x08000190   0x00000034   Code   RO         2727    !!!scatter          c_w.l(__scatter.o)
    0x080001c4   0x0000001a   Code   RO         2729    !!handler_copy      c_w.l(__scatter_copy.o)
    0x080001de   0x00000002   PAD
    0x080001e0   0x0000001c   Code   RO         2731    !!handler_zi        c_w.l(__scatter_zi.o)
    0x080001fc   0x00000002   Code   RO         2598    .ARM.Collect$$libinit$$00000000  c_w.l(libinit.o)
    0x080001fe   0x00000004   Code   RO         2604    .ARM.Collect$$libinit$$00000001  c_w.l(libinit2.o)
    0x08000202   0x00000000   Code   RO         2607    .ARM.Collect$$libinit$$00000004  c_w.l(libinit2.o)
    0x08000202   0x00000000   Code   RO         2610    .ARM.Collect$$libinit$$0000000A  c_w.l(libinit2.o)
    0x08000202   0x00000000   Code   RO         2612    .ARM.Collect$$libinit$$0000000C  c_w.l(libinit2.o)
    0x08000202   0x00000000   Code   RO         2614    .ARM.Collect$$libinit$$0000000E  c_w.l(libinit2.o)
    0x08000202   0x00000000   Code   RO         2617    .ARM.Collect$$libinit$$00000011  c_w.l(libinit2.o)
    0x08000202   0x00000000   Code   RO         2619    .ARM.Collect$$libinit$$00000013  c_w.l(libinit2.o)
    0x08000202   0x00000000   Code   RO         2621    .ARM.Collect$$libinit$$00000015  c_w.l(libinit2.o)
    0x08000202   0x00000000   Code   RO         2623    .ARM.Collect$$libinit$$00000017  c_w.l(libinit2.o)
    0x08000202   0x00000000   Code   RO         2625    .ARM.Collect$$libinit$$00000019  c_w.l(libinit2.o)
    0x08000202   0x00000000   Code   RO         2627    .ARM.Collect$$libinit$$0000001B  c_w.l(libinit2.o)
    0x08000202   0x00000000   Code   RO         2629    .ARM.Collect$$libinit$$0000001D  c_w.l(libinit2.o)
    0x08000202   0x00000000   Code   RO         2631    .ARM.Collect$$libinit$$0000001F  c_w.l(libinit2.o)
    0x08000202   0x00000000   Code   RO         2633    .ARM.Collect$$libinit$$00000021  c_w.l(libinit2.o)
    0x08000202   0x00000000   Code   RO         2635    .ARM.Collect$$libinit$$00000023  c_w.l(libinit2.o)
    0x08000202   0x00000000   Code   RO         2637    .ARM.Collect$$libinit$$00000025  c_w.l(libinit2.o)
    0x08000202   0x00000000   Code   RO         2641    .ARM.Collect$$libinit$$0000002C  c_w.l(libinit2.o)
    0x08000202   0x00000000   Code   RO         2643    .ARM.Collect$$libinit$$0000002E  c_w.l(libinit2.o)
    0x08000202   0x00000000   Code   RO         2645    .ARM.Collect$$libinit$$00000030  c_w.l(libinit2.o)
    0x08000202   0x00000000   Code   RO         2647    .ARM.Collect$$libinit$$00000032  c_w.l(libinit2.o)
    0x08000202   0x00000002   Code   RO         2648    .ARM.Collect$$libinit$$00000033  c_w.l(libinit2.o)
    0x08000204   0x00000002   Code   RO         2668    .ARM.Collect$$libshutdown$$00000000  c_w.l(libshutdown.o)
    0x08000206   0x00000000   Code   RO         2682    .ARM.Collect$$libshutdown$$00000003  c_w.l(libshutdown2.o)
    0x08000206   0x00000000   Code   RO         2685    .ARM.Collect$$libshutdown$$00000006  c_w.l(libshutdown2.o)
    0x08000206   0x00000000   Code   RO         2688    .ARM.Collect$$libshutdown$$00000009  c_w.l(libshutdown2.o)
    0x08000206   0x00000000   Code   RO         2690    .ARM.Collect$$libshutdown$$0000000B  c_w.l(libshutdown2.o)
    0x08000206   0x00000000   Code   RO         2693    .ARM.Collect$$libshutdown$$0000000E  c_w.l(libshutdown2.o)
    0x08000206   0x00000002   Code   RO         2694    .ARM.Collect$$libshutdown$$0000000F  c_w.l(libshutdown2.o)
    0x08000208   0x00000000   Code   RO         2573    .ARM.Collect$$rtentry$$00000000  c_w.l(__rtentry.o)
    0x08000208   0x00000000   Code   RO         2575    .ARM.Collect$$rtentry$$00000002  c_w.l(__rtentry2.o)
    0x08000208   0x00000006   Code   RO         2587    .ARM.Collect$$rtentry$$00000004  c_w.l(__rtentry4.o)
    0x0800020e   0x00000000   Code   RO         2577    .ARM.Collect$$rtentry$$00000009  c_w.l(__rtentry2.o)
    0x0800020e   0x00000004   Code   RO         2578    .ARM.Collect$$rtentry$$0000000A  c_w.l(__rtentry2.o)
    0x08000212   0x00000000   Code   RO         2580    .ARM.Collect$$rtentry$$0000000C  c_w.l(__rtentry2.o)
    0x08000212   0x00000008   Code   RO         2581    .ARM.Collect$$rtentry$$0000000D  c_w.l(__rtentry2.o)
    0x0800021a   0x00000002   Code   RO         2602    .ARM.Collect$$rtexit$$00000000  c_w.l(rtexit.o)
    0x0800021c   0x00000000   Code   RO         2650    .ARM.Collect$$rtexit$$00000002  c_w.l(rtexit2.o)
    0x0800021c   0x00000004   Code   RO         2651    .ARM.Collect$$rtexit$$00000003  c_w.l(rtexit2.o)
    0x08000220   0x00000006   Code   RO         2652    .ARM.Collect$$rtexit$$00000004  c_w.l(rtexit2.o)
    0x08000226   0x00000002   PAD
    0x08000228   0x00000040   Code   RO          232    .text               startup_stm32f4xx.o
    0x08000268   0x00000006   Code   RO         2569    .text               c_w.l(heapauxi.o)
    0x0800026e   0x0000004a   Code   RO         2589    .text               c_w.l(sys_stackheap_outer.o)
    0x080002b8   0x0000000c   Code   RO         2591    .text               c_w.l(exit.o)
    0x080002c4   0x00000008   Code   RO         2599    .text               c_w.l(libspace.o)
    0x080002cc   0x0000000c   Code   RO         2660    .text               c_w.l(sys_exit.o)
    0x080002d8   0x00000002   Code   RO         2671    .text               c_w.l(use_no_semi.o)
    0x080002da   0x00000000   Code   RO         2673    .text               c_w.l(indicate_semi.o)
    0x080002da   0x00000012   Code   RO          102    i.All_Init          bsp_init.o
    0x080002ec   0x0000003c   Code   RO          211    i.LED_1ms_DRV       drv_led.o
    0x08000328   0x00000070   Code   RO          271    i.NVIC_PriorityGroupConfig  misc.o
    0x08000398   0x000000e8   Code   RO         1365    i.RCC_GetClocksFreq  stm32f4xx_rcc.o
    0x08000480   0x000000ec   Code   RO          237    i.SetSysClock       system_stm32f4xx.o
    0x0800056c   0x00000070   Code   RO          274    i.SysTick_CLKSourceConfig  misc.o
    0x080005dc   0x0000006c   Code   RO          126    i.SysTick_Configuration  drv_timer.o
    0x08000648   0x0000001c   Code   RO          128    i.SysTick_Handler   drv_timer.o
    0x08000664   0x00000068   Code   RO          239    i.SystemInit        system_stm32f4xx.o
    0x080006cc   0x00000004   Code   RO            2    i.assert_failed     main.o
    0x080006d0   0x0000000a   Code   RO            3    i.main              main.o
    0x080006da   0x00000002   PAD
    0x080006dc   0x00000010   Code   RO          132    i.sys_time          drv_timer.o
    0x080006ec   0x0000000a   Code   RO         2658    x$fpl$fpinit        fz_wm.l(fpinit.o)
    0x080006f6   0x00000002   PAD
    0x080006f8   0x00000020   Data   RO         2725    Region$$Table       anon$$obj.o


    Execution Region RW_IRAM1 (Base: 0x20000000, Size: 0x00000c90, Max: 0x00020000, ABSOLUTE)

    Base Addr    Size         Type   Attr      Idx    E Section Name        Object

    0x20000000   0x00000008   Data   RW          133    .data               drv_timer.o
    0x20000008   0x00000018   Data   RW          212    .data               drv_led.o
    0x20000020   0x00000010   Data   RW         1388    .data               stm32f4xx_rcc.o
    0x20000030   0x00000060   Zero   RW         2600    .bss                c_w.l(libspace.o)
    0x20000090   0x00000400   Zero   RW          230    HEAP                startup_stm32f4xx.o
    0x20000490   0x00000800   Zero   RW          229    STACK               startup_stm32f4xx.o


==============================================================================

Image component sizes


      Code (inc. data)   RO Data    RW Data    ZI Data      Debug   Object Name

        18          0          0          0          0        551   bsp_init.o
        60          8          0         24          0       1155   drv_led.o
       152         18          0          8          0      21231   drv_timer.o
        14          0          0          0          0     234451   main.o
       224        108          0          0          0       1341   misc.o
        64         26        392          0       3072        944   startup_stm32f4xx.o
       232         18          0         16          0       2860   stm32f4xx_rcc.o
       340         32          0          0          0       1881   system_stm32f4xx.o

    ----------------------------------------------------------------------
      1106        210        424         48       3072     264414   Object Totals
         0          0         32          0          0          0   (incl. Generated)
         2          0          0          0          0          0   (incl. Padding)

    ----------------------------------------------------------------------

      Code (inc. data)   RO Data    RW Data    ZI Data      Debug   Library Member Name

         8          0          0          0          0         68   __main.o
         0          0          0          0          0          0   __rtentry.o
        12          0          0          0          0          0   __rtentry2.o
         6          0          0          0          0          0   __rtentry4.o
        52          8          0          0          0          0   __scatter.o
        26          0          0          0          0          0   __scatter_copy.o
        28          0          0          0          0          0   __scatter_zi.o
        12          0          0          0          0         72   exit.o
         6          0          0          0          0        152   heapauxi.o
         0          0          0          0          0          0   indicate_semi.o
         2          0          0          0          0          0   libinit.o
         6          0          0          0          0          0   libinit2.o
         2          0          0          0          0          0   libshutdown.o
         2          0          0          0          0          0   libshutdown2.o
         8          4          0          0         96         68   libspace.o
         2          0          0          0          0          0   rtexit.o
        10          0          0          0          0          0   rtexit2.o
        12          4          0          0          0         68   sys_exit.o
        74          0          0          0          0         80   sys_stackheap_outer.o
         2          0          0          0          0         68   use_no_semi.o
        10          0          0          0          0        116   fpinit.o

    ----------------------------------------------------------------------
       286         16          0          0         96        692   Library Totals
         6          0          0          0          0          0   (incl. Padding)

    ----------------------------------------------------------------------

      Code (inc. data)   RO Data    RW Data    ZI Data      Debug   Library Name

       270         16          0          0         96        576   c_w.l
        10          0          0          0          0        116   fz_wm.l

    ----------------------------------------------------------------------
       286         16          0          0         96        692   Library Totals

    ----------------------------------------------------------------------

==============================================================================


      Code (inc. data)   RO Data    RW Data    ZI Data      Debug   

      1392        226        424         48       3168     264150   Grand Totals
      1392        226        424         48       3168     264150   ELF Image Totals
      1392        226        424         48          0          0   ROM Totals

==============================================================================

    Total RO  Size (Code + RO Data)                 1816 (   1.77kB)
    Total RW  Size (RW Data + ZI Data)              3216 (   3.14kB)
    Total ROM Size (Code + RO Data + RW Data)       1864 (   1.82kB)

==============================================================================

