<html>
<body>
<pre>
<h1>礦ision Build Log</h1>
<h2>Tool Versions:</h2>
IDE-Version: μVision V5.14.0.0
Copyright (C) 2015 ARM Ltd and ARM Germany GmbH. All rights reserved.
License Information: alvinmi alvinmi, alvinmi, LIC=TA312-9LYJ0-WJE6K-ZW25E-WCZL6-9SJQR
 
Tool Versions:
Toolchain:       MDK-ARM Professional  Version: 5.14.0.0
Toolchain Path:  C:\Keil_v5\ARM\ARMCC\Bin
C Compiler:      Armcc.exe V5.05 update 1 (build 106)
Assembler:       Armasm.exe V5.05 update 1 (build 106)
Linker/Locator:  ArmLink.exe V5.05 update 1 (build 106)
Library Manager: ArmAr.exe V5.05 update 1 (build 106)
Hex Converter:   FromElf.exe V5.05 update 1 (build 106)
CPU DLL:         SARMCM3.DLL V5.14.0.0
Dialog DLL:      DCM.DLL V1.13.1.0
Target DLL:      UL2CM3.DLL V1.155.0.0
Dialog DLL:      TCM.DLL V1.14.4.0
 
<h2>Project:</h2>
E:\3_Hexo\Note\06_STM32 笔记\我的工程样版\STM32F40x_Debug_Proj\alvinmi_flytest\alvinmi_v1.0.uvprojx
Project File Date:  12/05/2017

<h2>Output:</h2>
Rebuild target 'Target 1'
compiling main.c...
compiling BSP_Init.c...
compiling Drv_timer.c...
compiling Drv_led.c...
assembling startup_stm32f4xx.s...
compiling system_stm32f4xx.c...
compiling misc.c...
compiling stm32f4xx_adc.c...
compiling stm32f4xx_dbgmcu.c...
compiling stm32f4xx_dma.c...
compiling stm32f4xx_exti.c...
compiling stm32f4xx_flash.c...
compiling stm32f4xx_gpio.c...
compiling stm32f4xx_i2c.c...
compiling stm32f4xx_pwr.c...
compiling stm32f4xx_rcc.c...
compiling stm32f4xx_spi.c...
compiling stm32f4xx_syscfg.c...
compiling stm32f4xx_tim.c...
compiling stm32f4xx_usart.c...
linking...
Program Size: Code=1336 RO-data=424 RW-data=24 ZI-data=3168  
FromELF: creating hex file...
".\Builde\alvinmi_v1.0" - 0 Error(s), 0 Warning(s).

<h2>Collection of Component include folders:</h2>
  E:\3_Hexo\Note\06_STM32 笔记\我的工程样版\STM32F40x_Debug_Proj\alvinmi_flytest\RTE
  C:\Keil_v5\ARM\PACK\Keil\STM32F4xx_DFP\2.11.0

<h2>Collection of Component Files used:</h2>
</pre>
</body>
</html>
